Archive member included to satisfy reference by file (symbol)

c:/st/stm32cubeide_1.12.1/stm32cubeide/plugins/com.st.stm32cube.ide.mcu.externaltools.gnu-tools-for-stm32.10.3-2021.10.win32_1.0.200.202301161003/tools/bin/../lib/gcc/arm-none-eabi/10.3.1/../../../../arm-none-eabi/lib/thumb/v7e-m+fp/hard\libc_nano.a(lib_a-errno.o)
                              ./Core/Src/syscalls.o (__errno)
c:/st/stm32cubeide_1.12.1/stm32cubeide/plugins/com.st.stm32cube.ide.mcu.externaltools.gnu-tools-for-stm32.10.3-2021.10.win32_1.0.200.202301161003/tools/bin/../lib/gcc/arm-none-eabi/10.3.1/../../../../arm-none-eabi/lib/thumb/v7e-m+fp/hard\libc_nano.a(lib_a-exit.o)
                              c:/st/stm32cubeide_1.12.1/stm32cubeide/plugins/com.st.stm32cube.ide.mcu.externaltools.gnu-tools-for-stm32.10.3-2021.10.win32_1.0.200.202301161003/tools/bin/../lib/gcc/arm-none-eabi/10.3.1/../../../../arm-none-eabi/lib/thumb/v7e-m+fp/hard/crt0.o (exit)
c:/st/stm32cubeide_1.12.1/stm32cubeide/plugins/com.st.stm32cube.ide.mcu.externaltools.gnu-tools-for-stm32.10.3-2021.10.win32_1.0.200.202301161003/tools/bin/../lib/gcc/arm-none-eabi/10.3.1/../../../../arm-none-eabi/lib/thumb/v7e-m+fp/hard\libc_nano.a(lib_a-impure.o)
                              c:/st/stm32cubeide_1.12.1/stm32cubeide/plugins/com.st.stm32cube.ide.mcu.externaltools.gnu-tools-for-stm32.10.3-2021.10.win32_1.0.200.202301161003/tools/bin/../lib/gcc/arm-none-eabi/10.3.1/../../../../arm-none-eabi/lib/thumb/v7e-m+fp/hard\libc_nano.a(lib_a-exit.o) (_global_impure_ptr)
c:/st/stm32cubeide_1.12.1/stm32cubeide/plugins/com.st.stm32cube.ide.mcu.externaltools.gnu-tools-for-stm32.10.3-2021.10.win32_1.0.200.202301161003/tools/bin/../lib/gcc/arm-none-eabi/10.3.1/../../../../arm-none-eabi/lib/thumb/v7e-m+fp/hard\libc_nano.a(lib_a-init.o)
                              c:/st/stm32cubeide_1.12.1/stm32cubeide/plugins/com.st.stm32cube.ide.mcu.externaltools.gnu-tools-for-stm32.10.3-2021.10.win32_1.0.200.202301161003/tools/bin/../lib/gcc/arm-none-eabi/10.3.1/../../../../arm-none-eabi/lib/thumb/v7e-m+fp/hard/crt0.o (__libc_init_array)
c:/st/stm32cubeide_1.12.1/stm32cubeide/plugins/com.st.stm32cube.ide.mcu.externaltools.gnu-tools-for-stm32.10.3-2021.10.win32_1.0.200.202301161003/tools/bin/../lib/gcc/arm-none-eabi/10.3.1/../../../../arm-none-eabi/lib/thumb/v7e-m+fp/hard\libc_nano.a(lib_a-memset.o)
                              c:/st/stm32cubeide_1.12.1/stm32cubeide/plugins/com.st.stm32cube.ide.mcu.externaltools.gnu-tools-for-stm32.10.3-2021.10.win32_1.0.200.202301161003/tools/bin/../lib/gcc/arm-none-eabi/10.3.1/../../../../arm-none-eabi/lib/thumb/v7e-m+fp/hard/crt0.o (memset)
c:/st/stm32cubeide_1.12.1/stm32cubeide/plugins/com.st.stm32cube.ide.mcu.externaltools.gnu-tools-for-stm32.10.3-2021.10.win32_1.0.200.202301161003/tools/bin/../lib/gcc/arm-none-eabi/10.3.1/thumb/v7e-m+fp/hard\libgcc.a(_aeabi_uldivmod.o)
                              ./Drivers/STM32F4xx_HAL_Driver/Src/stm32f4xx_hal_rcc.o (__aeabi_uldivmod)
c:/st/stm32cubeide_1.12.1/stm32cubeide/plugins/com.st.stm32cube.ide.mcu.externaltools.gnu-tools-for-stm32.10.3-2021.10.win32_1.0.200.202301161003/tools/bin/../lib/gcc/arm-none-eabi/10.3.1/thumb/v7e-m+fp/hard\libgcc.a(_udivmoddi4.o)
                              c:/st/stm32cubeide_1.12.1/stm32cubeide/plugins/com.st.stm32cube.ide.mcu.externaltools.gnu-tools-for-stm32.10.3-2021.10.win32_1.0.200.202301161003/tools/bin/../lib/gcc/arm-none-eabi/10.3.1/thumb/v7e-m+fp/hard\libgcc.a(_aeabi_uldivmod.o) (__udivmoddi4)
c:/st/stm32cubeide_1.12.1/stm32cubeide/plugins/com.st.stm32cube.ide.mcu.externaltools.gnu-tools-for-stm32.10.3-2021.10.win32_1.0.200.202301161003/tools/bin/../lib/gcc/arm-none-eabi/10.3.1/thumb/v7e-m+fp/hard\libgcc.a(_dvmd_tls.o)
                              c:/st/stm32cubeide_1.12.1/stm32cubeide/plugins/com.st.stm32cube.ide.mcu.externaltools.gnu-tools-for-stm32.10.3-2021.10.win32_1.0.200.202301161003/tools/bin/../lib/gcc/arm-none-eabi/10.3.1/thumb/v7e-m+fp/hard\libgcc.a(_aeabi_uldivmod.o) (__aeabi_ldiv0)

Discarded input sections

 .text          0x0000000000000000        0x0 c:/st/stm32cubeide_1.12.1/stm32cubeide/plugins/com.st.stm32cube.ide.mcu.externaltools.gnu-tools-for-stm32.10.3-2021.10.win32_1.0.200.202301161003/tools/bin/../lib/gcc/arm-none-eabi/10.3.1/thumb/v7e-m+fp/hard/crti.o
 .data          0x0000000000000000        0x0 c:/st/stm32cubeide_1.12.1/stm32cubeide/plugins/com.st.stm32cube.ide.mcu.externaltools.gnu-tools-for-stm32.10.3-2021.10.win32_1.0.200.202301161003/tools/bin/../lib/gcc/arm-none-eabi/10.3.1/thumb/v7e-m+fp/hard/crti.o
 .bss           0x0000000000000000        0x0 c:/st/stm32cubeide_1.12.1/stm32cubeide/plugins/com.st.stm32cube.ide.mcu.externaltools.gnu-tools-for-stm32.10.3-2021.10.win32_1.0.200.202301161003/tools/bin/../lib/gcc/arm-none-eabi/10.3.1/thumb/v7e-m+fp/hard/crti.o
[...]
Memory Configuration

Name             Origin             Length             Attributes
CCMRAM           0x0000000010000000 0x0000000000010000 xrw
RAM              0x0000000020000000 0x0000000000020000 xrw
FLASH            0x0000000008000000 0x0000000000080000 xr
*default*        0x0000000000000000 0xffffffffffffffff

Linker script and memory map

LOAD c:/st/stm32cubeide_1.12.1/stm32cubeide/plugins/com.st.stm32cube.ide.mcu.externaltools.gnu-tools-for-stm32.10.3-2021.10.win32_1.0.200.202301161003/tools/bin/../lib/gcc/arm-none-eabi/10.3.1/thumb/v7e-m+fp/hard/crti.o
LOAD c:/st/stm32cubeide_1.12.1/stm32cubeide/plugins/com.st.stm32cube.ide.mcu.externaltools.gnu-tools-for-stm32.10.3-2021.10.win32_1.0.200.202301161003/tools/bin/../lib/gcc/arm-none-eabi/10.3.1/thumb/v7e-m+fp/hard/crtbegin.o
LOAD c:/st/stm32cubeide_1.12.1/stm32cubeide/plugins/com.st.stm32cube.ide.mcu.externaltools.gnu-tools-for-stm32.10.3-2021.10.win32_1.0.200.202301161003/tools/bin/../lib/gcc/arm-none-eabi/10.3.1/../../../../arm-none-eabi/lib/thumb/v7e-m+fp/hard/crt0.o
LOAD ./Application/Src/control.o
LOAD ./Core/Src/main.o
LOAD ./Core/Src/stm32f4xx_hal_msp.o
LOAD ./Core/Src/stm32f4xx_it.o
LOAD ./Core/Src/syscalls.o
LOAD ./Core/Src/sysmem.o
LOAD ./Core/Src/system_stm32f4xx.o
LOAD ./Core/Startup/startup_stm32f407vetx.o
LOAD ./Drivers/STM32F4xx_HAL_Driver/Src/stm32f4xx_hal.o
LOAD ./Drivers/STM32F4xx_HAL_Driver/Src/stm32f4xx_hal_adc.o
LOAD ./Drivers/STM32F4xx_HAL_Driver/Src/stm32f4xx_hal_adc_ex.o
LOAD ./Drivers/STM32F4xx_HAL_Driver/Src/stm32f4xx_hal_cortex.o
LOAD ./Drivers/STM32F4xx_HAL_Driver/Src/stm32f4xx_hal_dma.o
LOAD ./Drivers/STM32F4xx_HAL_Driver/Src/stm32f4xx_hal_dma_ex.o
LOAD ./Drivers/STM32F4xx_HAL_Driver/Src/stm32f4xx_hal_exti.o
LOAD ./Drivers/STM32F4xx_HAL_Driver/Src/stm32f4xx_hal_flash.o
LOAD ./Drivers/STM32F4xx_HAL_Driver/Src/stm32f4xx_hal_flash_ex.o
LOAD ./Drivers/STM32F4xx_HAL_Driver/Src/stm32f4xx_hal_flash_ramfunc.o
LOAD ./Drivers/STM32F4xx_HAL_Driver/Src/stm32f4xx_hal_gpio.o
LOAD ./Drivers/STM32F4xx_HAL_Driver/Src/stm32f4xx_hal_i2c.o
LOAD ./Drivers/STM32F4xx_HAL_Driver/Src/stm32f4xx_hal_i2c_ex.o
LOAD ./Drivers/STM32F4xx_HAL_Driver/Src/stm32f4xx_hal_pcd.o
LOAD ./Drivers/STM32F4xx_HAL_Driver/Src/stm32f4xx_hal_pcd_ex.o
LOAD ./Drivers/STM32F4xx_HAL_Driver/Src/stm32f4xx_hal_pwr.o
LOAD ./Drivers/STM32F4xx_HAL_Driver/Src/stm32f4xx_hal_pwr_ex.o
LOAD ./Drivers/STM32F4xx_HAL_Driver/Src/stm32f4xx_hal_rcc.o
LOAD ./Drivers/STM32F4xx_HAL_Driver/Src/stm32f4xx_hal_rcc_ex.o
LOAD ./Drivers/STM32F4xx_HAL_Driver/Src/stm32f4xx_hal_spi.o
LOAD ./Drivers/STM32F4xx_HAL_Driver/Src/stm32f4xx_hal_tim.o
LOAD ./Drivers/STM32F4xx_HAL_Driver/Src/stm32f4xx_hal_tim_ex.o
LOAD ./Drivers/STM32F4xx_HAL_Driver/Src/stm32f4xx_hal_uart.o
LOAD ./Drivers/STM32F4xx_HAL_Driver/Src/stm32f4xx_ll_adc.o
LOAD ./Drivers/STM32F4xx_HAL_Driver/Src/stm32f4xx_ll_usb.o
LOAD ./Middlewares/ST/STM32_USB_Device_Library/Class/CDC/Src/usbd_cdc.o
LOAD ./Middlewares/ST/STM32_USB_Device_Library/Core/Src/usbd_core.o
LOAD ./Middlewares/ST/STM32_USB_Device_Library/Core/Src/usbd_ctlreq.o
LOAD ./Middlewares/ST/STM32_USB_Device_Library/Core/Src/usbd_ioreq.o
LOAD ./USB_DEVICE/App/usb_device.o
LOAD ./USB_DEVICE/App/usbd_cdc_if.o
LOAD ./USB_DEVICE/App/usbd_desc.o
LOAD ./USB_DEVICE/Target/usbd_conf.o
START GROUP
LOAD c:/st/stm32cubeide_1.12.1/stm32cubeide/plugins/com.st.stm32cube.ide.mcu.externaltools.gnu-tools-for-stm32.10.3-2021.10.win32_1.0.200.202301161003/tools/bin/../lib/gcc/arm-none-eabi/10.3.1/../../../../arm-none-eabi/lib/thumb/v7e-m+fp/hard\libstdc++_nano.a
LOAD c:/st/stm32cubeide_1.12.1/stm32cubeide/plugins/com.st.stm32cube.ide.mcu.externaltools.gnu-tools-for-stm32.10.3-2021.10.win32_1.0.200.202301161003/tools/bin/../lib/gcc/arm-none-eabi/10.3.1/../../../../arm-none-eabi/lib/thumb/v7e-m+fp/hard\libsupc++_nano.a
END GROUP
LOAD c:/st/stm32cubeide_1.12.1/stm32cubeide/plugins/com.st.stm32cube.ide.mcu.externaltools.gnu-tools-for-stm32.10.3-2021.10.win32_1.0.200.202301161003/tools/bin/../lib/gcc/arm-none-eabi/10.3.1/../../../../arm-none-eabi/lib/thumb/v7e-m+fp/hard\libstdc++_nano.a
LOAD c:/st/stm32cubeide_1.12.1/stm32cubeide/plugins/com.st.stm32cube.ide.mcu.externaltools.gnu-tools-for-stm32.10.3-2021.10.win32_1.0.200.202301161003/tools/bin/../lib/gcc/arm-none-eabi/10.3.1/../../../../arm-none-eabi/lib/thumb/v7e-m+fp/hard\libm.a
LOAD c:/st/stm32cubeide_1.12.1/stm32cubeide/plugins/com.st.stm32cube.ide.mcu.externaltools.gnu-tools-for-stm32.10.3-2021.10.win32_1.0.200.202301161003/tools/bin/../lib/gcc/arm-none-eabi/10.3.1/../../../../arm-none-eabi/lib/thumb/v7e-m+fp/hard\libc_nano.a
START GROUP
LOAD c:/st/stm32cubeide_1.12.1/stm32cubeide/plugins/com.st.stm32cube.ide.mcu.externaltools.gnu-tools-for-stm32.10.3-2021.10.win32_1.0.200.202301161003/tools/bin/../lib/gcc/arm-none-eabi/10.3.1/thumb/v7e-m+fp/hard\libgcc.a
LOAD c:/st/stm32cubeide_1.12.1/stm32cubeide/plugins/com.st.stm32cube.ide.mcu.externaltools.gnu-tools-for-stm32.10.3-2021.10.win32_1.0.200.202301161003/tools/bin/../lib/gcc/arm-none-eabi/10.3.1/../../../../arm-none-eabi/lib/thumb/v7e-m+fp/hard\libc_nano.a
END GROUP
START GROUP
LOAD c:/st/stm32cubeide_1.12.1/stm32cubeide/plugins/com.st.stm32cube.ide.mcu.externaltools.gnu-tools-for-stm32.10.3-2021.10.win32_1.0.200.202301161003/tools/bin/../lib/gcc/arm-none-eabi/10.3.1/thumb/v7e-m+fp/hard\libgcc.a
LOAD c:/st/stm32cubeide_1.12.1/stm32cubeide/plugins/com.st.stm32cube.ide.mcu.externaltools.gnu-tools-for-stm32.10.3-2021.10.win32_1.0.200.202301161003/tools/bin/../lib/gcc/arm-none-eabi/10.3.1/../../../../arm-none-eabi/lib/thumb/v7e-m+fp/hard\libc_nano.a
LOAD c:/st/stm32cubeide_1.12.1/stm32cubeide/plugins/com.st.stm32cube.ide.mcu.externaltools.gnu-tools-for-stm32.10.3-2021.10.win32_1.0.200.202301161003/tools/bin/../lib/gcc/arm-none-eabi/10.3.1/../../../../arm-none-eabi/lib/thumb/v7e-m+fp/hard\libnosys.a
END GROUP
START GROUP
LOAD c:/st/stm32cubeide_1.12.1/stm32cubeide/plugins/com.st.stm32cube.ide.mcu.externaltools.gnu-tools-for-stm32.10.3-2021.10.win32_1.0.200.202301161003/tools/bin/../lib/gcc/arm-none-eabi/10.3.1/thumb/v7e-m+fp/hard\libgcc.a
LOAD c:/st/stm32cubeide_1.12.1/stm32cubeide/plugins/com.st.stm32cube.ide.mcu.externaltools.gnu-tools-for-stm32.10.3-2021.10.win32_1.0.200.202301161003/tools/bin/../lib/gcc/arm-none-eabi/10.3.1/../../../../arm-none-eabi/lib/thumb/v7e-m+fp/hard\libc_nano.a
LOAD c:/st/stm32cubeide_1.12.1/stm32cubeide/plugins/com.st.stm32cube.ide.mcu.externaltools.gnu-tools-for-stm32.10.3-2021.10.win32_1.0.200.202301161003/tools/bin/../lib/gcc/arm-none-eabi/10.3.1/../../../../arm-none-eabi/lib/thumb/v7e-m+fp/hard\libnosys.a
END GROUP
LOAD c:/st/stm32cubeide_1.12.1/stm32cubeide/plugins/com.st.stm32cube.ide.mcu.externaltools.gnu-tools-for-stm32.10.3-2021.10.win32_1.0.200.202301161003/tools/bin/../lib/gcc/arm-none-eabi/10.3.1/thumb/v7e-m+fp/hard/crtend.o
LOAD c:/st/stm32cubeide_1.12.1/stm32cubeide/plugins/com.st.stm32cube.ide.mcu.externaltools.gnu-tools-for-stm32.10.3-2021.10.win32_1.0.200.202301161003/tools/bin/../lib/gcc/arm-none-eabi/10.3.1/thumb/v7e-m+fp/hard/crtn.o
                0x0000000020020000                _estack = (ORIGIN (RAM) + LENGTH (RAM))
                0x0000000000000200                _Min_Heap_Size = 0x200
                0x0000000000000400                _Min_Stack_Size = 0x400

.isr_vector     0x0000000008000000      0x188
                0x0000000008000000                . = ALIGN (0x4)
 *(.isr_vector)
 .isr_vector    0x0000000008000000      0x188 ./Core/Startup/startup_stm32f407vetx.o
                0x0000000008000000                g_pfnVectors
                0x0000000008000188                . = ALIGN (0x4)

.text           0x0000000008000188     0xa350
                0x0000000008000188                . = ALIGN (0x4)
 *(.text)
 .text          0x0000000008000188       0x40 c:/st/stm32cubeide_1.12.1/stm32cubeide/plugins/com.st.stm32cube.ide.mcu.externaltools.gnu-tools-for-stm32.10.3-2021.10.win32_1.0.200.202301161003/tools/bin/../lib/gcc/arm-none-eabi/10.3.1/thumb/v7e-m+fp/hard/crtbegin.o
 .text          0x00000000080001c8       0x30 c:/st/stm32cubeide_1.12.1/stm32cubeide/plugins/com.st.stm32cube.ide.mcu.externaltools.gnu-tools-for-stm32.10.3-2021.10.win32_1.0.200.202301161003/tools/bin/../lib/gcc/arm-none-eabi/10.3.1/thumb/v7e-m+fp/hard\libgcc.a(_aeabi_uldivmod.o)
                0x00000000080001c8                __aeabi_uldivmod
 .text          0x00000000080001f8      0x2d0 c:/st/stm32cubeide_1.12.1/stm32cubeide/plugins/com.st.stm32cube.ide.mcu.externaltools.gnu-tools-for-stm32.10.3-2021.10.win32_1.0.200.202301161003/tools/bin/../lib/gcc/arm-none-eabi/10.3.1/thumb/v7e-m+fp/hard\libgcc.a(_udivmoddi4.o)
                0x00000000080001f8                __udivmoddi4
 .text          0x00000000080004c8        0x4 c:/st/stm32cubeide_1.12.1/stm32cubeide/plugins/com.st.stm32cube.ide.mcu.externaltools.gnu-tools-for-stm32.10.3-2021.10.win32_1.0.200.202301161003/tools/bin/../lib/gcc/arm-none-eabi/10.3.1/thumb/v7e-m+fp/hard\libgcc.a(_dvmd_tls.o)
                0x00000000080004c8                __aeabi_idiv0
                0x00000000080004c8                __aeabi_ldiv0
 *(.text*)
 .text.Control_Init
                0x00000000080004cc        0xe ./Application/Src/control.o
                0x00000000080004cc                Control_Init
 .text.Control_Loop
                0x00000000080004da        0xe ./Application/Src/control.o
                0x00000000080004da                Control_Loop
 .text.main     0x00000000080004e8       0x6c ./Core/Src/main.o
                0x00000000080004e8                main
 .text.SystemClock_Config
                0x0000000008000554       0xd4 ./Core/Src/main.o
                0x0000000008000554                SystemClock_Config
 .text.MX_ADC1_Init
                0x0000000008000628       0xa4 ./Core/Src/main.o
 .text.MX_ADC2_Init
                0x00000000080006cc       0xa4 ./Core/Src/main.o
 .text.MX_ADC3_Init
                0x0000000008000770       0xa4 ./Core/Src/main.o
 .text.MX_I2C1_Init
                0x0000000008000814       0x5c ./Core/Src/main.o
 .text.MX_I2C3_Init
                0x0000000008000870       0x5c ./Core/Src/main.o
 .text.MX_SPI3_Init
                0x00000000080008cc       0x6c ./Core/Src/main.o
 .text.MX_TIM1_Init
                0x0000000008000938      0x198 ./Core/Src/main.o
 .text.MX_TIM2_Init
                0x0000000008000ad0      0x110 ./Core/Src/main.o
 .text.MX_TIM3_Init
                0x0000000008000be0      0x140 ./Core/Src/main.o
 .text.MX_TIM4_Init
                0x0000000008000d20      0x140 ./Core/Src/main.o
 .text.MX_TIM5_Init
                0x0000000008000e60       0xac ./Core/Src/main.o
 .text.MX_TIM7_Init
                0x0000000008000f0c       0x7c ./Core/Src/main.o
 .text.MX_TIM9_Init
                0x0000000008000f88       0xec ./Core/Src/main.o
 .text.MX_TIM10_Init
                0x0000000008001074       0xac ./Core/Src/main.o
 .text.MX_TIM11_Init
                0x0000000008001120       0xac ./Core/Src/main.o
 .text.MX_TIM12_Init
                0x00000000080011cc       0xec ./Core/Src/main.o
 .text.MX_USART2_UART_Init
                0x00000000080012b8       0x54 ./Core/Src/main.o
 .text.MX_USART6_UART_Init
                0x000000000800130c       0x54 ./Core/Src/main.o
 .text.MX_GPIO_Init
                0x0000000008001360      0x240 ./Core/Src/main.o
 .text.Error_Handler
                0x00000000080015a0        0xa ./Core/Src/main.o
                0x00000000080015a0                Error_Handler
 *fill*         0x00000000080015aa        0x2 
 .text.HAL_MspInit
                0x00000000080015ac       0x50 ./Core/Src/stm32f4xx_hal_msp.o
                0x00000000080015ac                HAL_MspInit
 .text.HAL_ADC_MspInit
                0x00000000080015fc      0x1b4 ./Core/Src/stm32f4xx_hal_msp.o
                0x00000000080015fc                HAL_ADC_MspInit
 .text.HAL_I2C_MspInit
                0x00000000080017b0      0x140 ./Core/Src/stm32f4xx_hal_msp.o
                0x00000000080017b0                HAL_I2C_MspInit
 .text.HAL_SPI_MspInit
                0x00000000080018f0       0xd4 ./Core/Src/stm32f4xx_hal_msp.o
                0x00000000080018f0                HAL_SPI_MspInit
 .text.HAL_TIM_Base_MspInit
                0x00000000080019c4      0x1e8 ./Core/Src/stm32f4xx_hal_msp.o
                0x00000000080019c4                HAL_TIM_Base_MspInit
 .text.HAL_TIM_MspPostInit
                0x0000000008001bac      0x298 ./Core/Src/stm32f4xx_hal_msp.o
                0x0000000008001bac                HAL_TIM_MspPostInit
 .text.HAL_UART_MspInit
                0x0000000008001e44       0xfc ./Core/Src/stm32f4xx_hal_msp.o
                0x0000000008001e44                HAL_UART_MspInit
 .text.NMI_Handler
                0x0000000008001f40        0x6 ./Core/Src/stm32f4xx_it.o
                0x0000000008001f40                NMI_Handler
 .text.HardFault_Handler
                0x0000000008001f46        0x6 ./Core/Src/stm32f4xx_it.o
                0x0000000008001f46                HardFault_Handler
 .text.MemManage_Handler
                0x0000000008001f4c        0x6 ./Core/Src/stm32f4xx_it.o
                0x0000000008001f4c                MemManage_Handler
 .text.BusFault_Handler
                0x0000000008001f52        0x6 ./Core/Src/stm32f4xx_it.o
                0x0000000008001f52                BusFault_Handler
 .text.UsageFault_Handler
                0x0000000008001f58        0x6 ./Core/Src/stm32f4xx_it.o
                0x0000000008001f58                UsageFault_Handler
 .text.SVC_Handler
                0x0000000008001f5e        0xe ./Core/Src/stm32f4xx_it.o
                0x0000000008001f5e                SVC_Handler
 .text.DebugMon_Handler
                0x0000000008001f6c        0xe ./Core/Src/stm32f4xx_it.o
                0x0000000008001f6c                DebugMon_Handler
 .text.PendSV_Handler
                0x0000000008001f7a        0xe ./Core/Src/stm32f4xx_it.o
                0x0000000008001f7a                PendSV_Handler
 .text.SysTick_Handler
                0x0000000008001f88        0xc ./Core/Src/stm32f4xx_it.o
                0x0000000008001f88                SysTick_Handler
 .text.EXTI0_IRQHandler
                0x0000000008001f94        0xe ./Core/Src/stm32f4xx_it.o
                0x0000000008001f94                EXTI0_IRQHandler
 .text.EXTI1_IRQHandler
                0x0000000008001fa2        0xe ./Core/Src/stm32f4xx_it.o
                0x0000000008001fa2                EXTI1_IRQHandler
 .text.TIM5_IRQHandler
                0x0000000008001fb0       0x14 ./Core/Src/stm32f4xx_it.o
                0x0000000008001fb0                TIM5_IRQHandler
 .text.TIM7_IRQHandler
                0x0000000008001fc4       0x14 ./Core/Src/stm32f4xx_it.o
                0x0000000008001fc4                TIM7_IRQHandler
 .text.OTG_FS_IRQHandler
                0x0000000008001fd8       0x14 ./Core/Src/stm32f4xx_it.o
                0x0000000008001fd8                OTG_FS_IRQHandler
 .text.SystemInit
                0x0000000008001fec       0x24 ./Core/Src/system_stm32f4xx.o
                0x0000000008001fec                SystemInit
 .text.Reset_Handler
                0x0000000008002010       0x50 ./Core/Startup/startup_stm32f407vetx.o
                0x0000000008002010                Reset_Handler
 .text.Default_Handler
                0x0000000008002060        0x2 ./Core/Startup/startup_stm32f407vetx.o
                0x0000000008002060                RTC_Alarm_IRQHandler
                0x0000000008002060                HASH_RNG_IRQHandler
                0x0000000008002060                EXTI2_IRQHandler
                0x0000000008002060                TIM8_CC_IRQHandler
                0x0000000008002060                TIM1_CC_IRQHandler
                0x0000000008002060                DMA2_Stream5_IRQHandler
                0x0000000008002060                DMA1_Stream5_IRQHandler
                0x0000000008002060                PVD_IRQHandler
                0x0000000008002060                SDIO_IRQHandler
                0x0000000008002060                TAMP_STAMP_IRQHandler
                0x0000000008002060                CAN2_RX1_IRQHandler
                0x0000000008002060                EXTI3_IRQHandler
                0x0000000008002060                TIM8_TRG_COM_TIM14_IRQHandler
                0x0000000008002060                TIM1_UP_TIM10_IRQHandler
                0x0000000008002060                TIM8_UP_TIM13_IRQHandler
                0x0000000008002060                I2C3_ER_IRQHandler
                0x0000000008002060                I2C2_EV_IRQHandler
                0x0000000008002060                DMA1_Stream2_IRQHandler
                0x0000000008002060                CAN1_RX0_IRQHandler
                0x0000000008002060                FPU_IRQHandler
                0x0000000008002060                OTG_HS_WKUP_IRQHandler
                0x0000000008002060                CAN2_SCE_IRQHandler
                0x0000000008002060                DMA2_Stream2_IRQHandler
                0x0000000008002060                SPI1_IRQHandler
                0x0000000008002060                TIM6_DAC_IRQHandler
                0x0000000008002060                TIM1_BRK_TIM9_IRQHandler
                0x0000000008002060                DCMI_IRQHandler
                0x0000000008002060                CAN2_RX0_IRQHandler
                0x0000000008002060                DMA2_Stream3_IRQHandler
                0x0000000008002060                USART6_IRQHandler
                0x0000000008002060                USART3_IRQHandler
                0x0000000008002060                CAN1_RX1_IRQHandler
                0x0000000008002060                UART5_IRQHandler
                0x0000000008002060                DMA2_Stream0_IRQHandler
                0x0000000008002060                TIM4_IRQHandler
                0x0000000008002060                I2C1_EV_IRQHandler
                0x0000000008002060                DMA1_Stream6_IRQHandler
                0x0000000008002060                DMA1_Stream1_IRQHandler
                0x0000000008002060                UART4_IRQHandler
                0x0000000008002060                TIM3_IRQHandler
                0x0000000008002060                RCC_IRQHandler
                0x0000000008002060                TIM8_BRK_TIM12_IRQHandler
                0x0000000008002060                Default_Handler
                0x0000000008002060                EXTI15_10_IRQHandler
                0x0000000008002060                ADC_IRQHandler
                0x0000000008002060                DMA1_Stream7_IRQHandler
                0x0000000008002060                CAN2_TX_IRQHandler
                0x0000000008002060                DMA2_Stream7_IRQHandler
                0x0000000008002060                I2C3_EV_IRQHandler
                0x0000000008002060                EXTI9_5_IRQHandler
                0x0000000008002060                RTC_WKUP_IRQHandler
                0x0000000008002060                ETH_WKUP_IRQHandler
                0x0000000008002060                SPI2_IRQHandler
                0x0000000008002060                OTG_HS_EP1_IN_IRQHandler
                0x0000000008002060                DMA1_Stream0_IRQHandler
                0x0000000008002060                CAN1_TX_IRQHandler
                0x0000000008002060                EXTI4_IRQHandler
                0x0000000008002060                FSMC_IRQHandler
                0x0000000008002060                ETH_IRQHandler
                0x0000000008002060                OTG_HS_EP1_OUT_IRQHandler
                0x0000000008002060                WWDG_IRQHandler
                0x0000000008002060                TIM2_IRQHandler
                0x0000000008002060                OTG_FS_WKUP_IRQHandler
                0x0000000008002060                TIM1_TRG_COM_TIM11_IRQHandler
                0x0000000008002060                OTG_HS_IRQHandler
                0x0000000008002060                USART2_IRQHandler
                0x0000000008002060                I2C2_ER_IRQHandler
                0x0000000008002060                DMA2_Stream1_IRQHandler
                0x0000000008002060                CAN1_SCE_IRQHandler
                0x0000000008002060                FLASH_IRQHandler
                0x0000000008002060                DMA2_Stream4_IRQHandler
                0x0000000008002060                USART1_IRQHandler
                0x0000000008002060                SPI3_IRQHandler
                0x0000000008002060                DMA1_Stream4_IRQHandler
                0x0000000008002060                I2C1_ER_IRQHandler
                0x0000000008002060                DMA2_Stream6_IRQHandler
                0x0000000008002060                DMA1_Stream3_IRQHandler
 *fill*         0x0000000008002062        0x2 
 .text.HAL_Init
                0x0000000008002064       0x44 ./Drivers/STM32F4xx_HAL_Driver/Src/stm32f4xx_hal.o
                0x0000000008002064                HAL_Init
 .text.HAL_InitTick
                0x00000000080020a8       0x60 ./Drivers/STM32F4xx_HAL_Driver/Src/stm32f4xx_hal.o
                0x00000000080020a8                HAL_InitTick
 .text.HAL_IncTick
                0x0000000008002108       0x28 ./Drivers/STM32F4xx_HAL_Driver/Src/stm32f4xx_hal.o
                0x0000000008002108                HAL_IncTick
 .text.HAL_GetTick
                0x0000000008002130       0x18 ./Drivers/STM32F4xx_HAL_Driver/Src/stm32f4xx_hal.o
                0x0000000008002130                HAL_GetTick
 .text.HAL_Delay
                0x0000000008002148       0x48 ./Drivers/STM32F4xx_HAL_Driver/Src/stm32f4xx_hal.o
                0x0000000008002148                HAL_Delay
 .text.HAL_ADC_Init
                0x0000000008002190       0x86 ./Drivers/STM32F4xx_HAL_Driver/Src/stm32f4xx_hal_adc.o
                0x0000000008002190                HAL_ADC_Init
 *fill*         0x0000000008002216        0x2 
 .text.HAL_ADC_ConfigChannel
                0x0000000008002218      0x244 ./Drivers/STM32F4xx_HAL_Driver/Src/stm32f4xx_hal_adc.o
                0x0000000008002218                HAL_ADC_ConfigChannel
 .text.ADC_Init
                0x000000000800245c      0x1f8 ./Drivers/STM32F4xx_HAL_Driver/Src/stm32f4xx_hal_adc.o
 .text.__NVIC_SetPriorityGrouping
                0x0000000008002654       0x48 ./Drivers/STM32F4xx_HAL_Driver/Src/stm32f4xx_hal_cortex.o
 .text.__NVIC_GetPriorityGrouping
                0x000000000800269c       0x1c ./Drivers/STM32F4xx_HAL_Driver/Src/stm32f4xx_hal_cortex.o
 .text.__NVIC_EnableIRQ
                0x00000000080026b8       0x3c ./Drivers/STM32F4xx_HAL_Driver/Src/stm32f4xx_hal_cortex.o
 .text.__NVIC_SetPriority
                0x00000000080026f4       0x54 ./Drivers/STM32F4xx_HAL_Driver/Src/stm32f4xx_hal_cortex.o
 .text.NVIC_EncodePriority
                0x0000000008002748       0x66 ./Drivers/STM32F4xx_HAL_Driver/Src/stm32f4xx_hal_cortex.o
 *fill*         0x00000000080027ae        0x2 
 .text.SysTick_Config
                0x00000000080027b0       0x44 ./Drivers/STM32F4xx_HAL_Driver/Src/stm32f4xx_hal_cortex.o
 .text.HAL_NVIC_SetPriorityGrouping
                0x00000000080027f4       0x16 ./Drivers/STM32F4xx_HAL_Driver/Src/stm32f4xx_hal_cortex.o
                0x00000000080027f4                HAL_NVIC_SetPriorityGrouping
 .text.HAL_NVIC_SetPriority
                0x000000000800280a       0x38 ./Drivers/STM32F4xx_HAL_Driver/Src/stm32f4xx_hal_cortex.o
                0x000000000800280a                HAL_NVIC_SetPriority
 .text.HAL_NVIC_EnableIRQ
                0x0000000008002842       0x1c ./Drivers/STM32F4xx_HAL_Driver/Src/stm32f4xx_hal_cortex.o
                0x0000000008002842                HAL_NVIC_EnableIRQ
 .text.HAL_SYSTICK_Config
                0x000000000800285e       0x18 ./Drivers/STM32F4xx_HAL_Driver/Src/stm32f4xx_hal_cortex.o
                0x000000000800285e                HAL_SYSTICK_Config
 *fill*         0x0000000008002876        0x2 
 .text.HAL_GPIO_Init
                0x0000000008002878      0x338 ./Drivers/STM32F4xx_HAL_Driver/Src/stm32f4xx_hal_gpio.o
                0x0000000008002878                HAL_GPIO_Init
 .text.HAL_GPIO_WritePin
                0x0000000008002bb0       0x32 ./Drivers/STM32F4xx_HAL_Driver/Src/stm32f4xx_hal_gpio.o
                0x0000000008002bb0                HAL_GPIO_WritePin
 *fill*         0x0000000008002be2        0x2 
 .text.HAL_GPIO_EXTI_IRQHandler
                0x0000000008002be4       0x30 ./Drivers/STM32F4xx_HAL_Driver/Src/stm32f4xx_hal_gpio.o
                0x0000000008002be4                HAL_GPIO_EXTI_IRQHandler
 .text.HAL_GPIO_EXTI_Callback
                0x0000000008002c14       0x16 ./Drivers/STM32F4xx_HAL_Driver/Src/stm32f4xx_hal_gpio.o
                0x0000000008002c14                HAL_GPIO_EXTI_Callback
 *fill*         0x0000000008002c2a        0x2 
 .text.HAL_I2C_Init
                0x0000000008002c2c      0x288 ./Drivers/STM32F4xx_HAL_Driver/Src/stm32f4xx_hal_i2c.o
                0x0000000008002c2c                HAL_I2C_Init
 .text.HAL_PCD_Init
                0x0000000008002eb4      0x23a ./Drivers/STM32F4xx_HAL_Driver/Src/stm32f4xx_hal_pcd.o
                0x0000000008002eb4                HAL_PCD_Init
 .text.HAL_PCD_Start
                0x00000000080030ee       0x66 ./Drivers/STM32F4xx_HAL_Driver/Src/stm32f4xx_hal_pcd.o
                0x00000000080030ee                HAL_PCD_Start
 .text.HAL_PCD_IRQHandler
                0x0000000008003154      0x93e ./Drivers/STM32F4xx_HAL_Driver/Src/stm32f4xx_hal_pcd.o
                0x0000000008003154                HAL_PCD_IRQHandler
 .text.HAL_PCD_SetAddress
                0x0000000008003a92       0x4a ./Drivers/STM32F4xx_HAL_Driver/Src/stm32f4xx_hal_pcd.o
                0x0000000008003a92                HAL_PCD_SetAddress
 .text.HAL_PCD_EP_Open
                0x0000000008003adc       0xd0 ./Drivers/STM32F4xx_HAL_Driver/Src/stm32f4xx_hal_pcd.o
                0x0000000008003adc                HAL_PCD_EP_Open
 .text.HAL_PCD_EP_Close
                0x0000000008003bac       0x94 ./Drivers/STM32F4xx_HAL_Driver/Src/stm32f4xx_hal_pcd.o
                0x0000000008003bac                HAL_PCD_EP_Close
 .text.HAL_PCD_EP_Receive
                0x0000000008003c40       0x96 ./Drivers/STM32F4xx_HAL_Driver/Src/stm32f4xx_hal_pcd.o
                0x0000000008003c40                HAL_PCD_EP_Receive
 .text.HAL_PCD_EP_GetRxCount
                0x0000000008003cd6       0x30 ./Drivers/STM32F4xx_HAL_Driver/Src/stm32f4xx_hal_pcd.o
                0x0000000008003cd6                HAL_PCD_EP_GetRxCount
 .text.HAL_PCD_EP_Transmit
                0x0000000008003d06       0x94 ./Drivers/STM32F4xx_HAL_Driver/Src/stm32f4xx_hal_pcd.o
                0x0000000008003d06                HAL_PCD_EP_Transmit
 .text.HAL_PCD_EP_SetStall
                0x0000000008003d9a       0xc8 ./Drivers/STM32F4xx_HAL_Driver/Src/stm32f4xx_hal_pcd.o
                0x0000000008003d9a                HAL_PCD_EP_SetStall
 .text.HAL_PCD_EP_ClrStall
                0x0000000008003e62       0xac ./Drivers/STM32F4xx_HAL_Driver/Src/stm32f4xx_hal_pcd.o
                0x0000000008003e62                HAL_PCD_EP_ClrStall
 .text.HAL_PCD_EP_Abort
                0x0000000008003f0e       0x62 ./Drivers/STM32F4xx_HAL_Driver/Src/stm32f4xx_hal_pcd.o
                0x0000000008003f0e                HAL_PCD_EP_Abort
 .text.PCD_WriteEmptyTxFifo
                0x0000000008003f70      0x11a ./Drivers/STM32F4xx_HAL_Driver/Src/stm32f4xx_hal_pcd.o
 *fill*         0x000000000800408a        0x2 
 .text.PCD_EP_OutXfrComplete_int
                0x000000000800408c      0x1d0 ./Drivers/STM32F4xx_HAL_Driver/Src/stm32f4xx_hal_pcd.o
 .text.PCD_EP_OutSetupPacket_int
                0x000000000800425c       0x8c ./Drivers/STM32F4xx_HAL_Driver/Src/stm32f4xx_hal_pcd.o
 .text.HAL_PCDEx_SetTxFiFo
                0x00000000080042e8       0x8e ./Drivers/STM32F4xx_HAL_Driver/Src/stm32f4xx_hal_pcd_ex.o
                0x00000000080042e8                HAL_PCDEx_SetTxFiFo
 .text.HAL_PCDEx_SetRxFiFo
                0x0000000008004376       0x22 ./Drivers/STM32F4xx_HAL_Driver/Src/stm32f4xx_hal_pcd_ex.o
                0x0000000008004376                HAL_PCDEx_SetRxFiFo
 .text.HAL_PCDEx_LPM_Callback
                0x0000000008004398       0x18 ./Drivers/STM32F4xx_HAL_Driver/Src/stm32f4xx_hal_pcd_ex.o
                0x0000000008004398                HAL_PCDEx_LPM_Callback
 .text.HAL_RCC_OscConfig
                0x00000000080043b0      0x4f0 ./Drivers/STM32F4xx_HAL_Driver/Src/stm32f4xx_hal_rcc.o
                0x00000000080043b0                HAL_RCC_OscConfig
 .text.HAL_RCC_ClockConfig
                0x00000000080048a0      0x1cc ./Drivers/STM32F4xx_HAL_Driver/Src/stm32f4xx_hal_rcc.o
                0x00000000080048a0                HAL_RCC_ClockConfig
 .text.HAL_RCC_GetSysClockFreq
                0x0000000008004a6c      0x208 ./Drivers/STM32F4xx_HAL_Driver/Src/stm32f4xx_hal_rcc.o
                0x0000000008004a6c                HAL_RCC_GetSysClockFreq
 .text.HAL_RCC_GetHCLKFreq
                0x0000000008004c74       0x18 ./Drivers/STM32F4xx_HAL_Driver/Src/stm32f4xx_hal_rcc.o
                0x0000000008004c74                HAL_RCC_GetHCLKFreq
 .text.HAL_RCC_GetPCLK1Freq
                0x0000000008004c8c       0x28 ./Drivers/STM32F4xx_HAL_Driver/Src/stm32f4xx_hal_rcc.o
                0x0000000008004c8c                HAL_RCC_GetPCLK1Freq
 .text.HAL_RCC_GetPCLK2Freq
                0x0000000008004cb4       0x28 ./Drivers/STM32F4xx_HAL_Driver/Src/stm32f4xx_hal_rcc.o
                0x0000000008004cb4                HAL_RCC_GetPCLK2Freq
 .text.HAL_SPI_Init
                0x0000000008004cdc      0x112 ./Drivers/STM32F4xx_HAL_Driver/Src/stm32f4xx_hal_spi.o
                0x0000000008004cdc                HAL_SPI_Init
 .text.HAL_TIM_Base_Init
                0x0000000008004dee       0x9e ./Drivers/STM32F4xx_HAL_Driver/Src/stm32f4xx_hal_tim.o
                0x0000000008004dee                HAL_TIM_Base_Init
 .text.HAL_TIM_Base_Start_IT
                0x0000000008004e8c       0xe0 ./Drivers/STM32F4xx_HAL_Driver/Src/stm32f4xx_hal_tim.o
                0x0000000008004e8c                HAL_TIM_Base_Start_IT
 .text.HAL_TIM_PWM_Init
                0x0000000008004f6c       0x9e ./Drivers/STM32F4xx_HAL_Driver/Src/stm32f4xx_hal_tim.o
                0x0000000008004f6c                HAL_TIM_PWM_Init
 .text.HAL_TIM_PWM_MspInit
                0x000000000800500a       0x14 ./Drivers/STM32F4xx_HAL_Driver/Src/stm32f4xx_hal_tim.o
                0x000000000800500a                HAL_TIM_PWM_MspInit
 .text.HAL_TIM_IRQHandler
                0x000000000800501e      0x210 ./Drivers/STM32F4xx_HAL_Driver/Src/stm32f4xx_hal_tim.o
                0x000000000800501e                HAL_TIM_IRQHandler
 *fill*         0x000000000800522e        0x2 
 .text.HAL_TIM_PWM_ConfigChannel
                0x0000000008005230      0x184 ./Drivers/STM32F4xx_HAL_Driver/Src/stm32f4xx_hal_tim.o
                0x0000000008005230                HAL_TIM_PWM_ConfigChannel
 .text.HAL_TIM_ConfigClockSource
                0x00000000080053b4      0x18e ./Drivers/STM32F4xx_HAL_Driver/Src/stm32f4xx_hal_tim.o
                0x00000000080053b4                HAL_TIM_ConfigClockSource
 .text.HAL_TIM_PeriodElapsedCallback
                0x0000000008005542       0x14 ./Drivers/STM32F4xx_HAL_Driver/Src/stm32f4xx_hal_tim.o
                0x0000000008005542                HAL_TIM_PeriodElapsedCallback
 .text.HAL_TIM_OC_DelayElapsedCallback
                0x0000000008005556       0x14 ./Drivers/STM32F4xx_HAL_Driver/Src/stm32f4xx_hal_tim.o
                0x0000000008005556                HAL_TIM_OC_DelayElapsedCallback
 .text.HAL_TIM_IC_CaptureCallback
                0x000000000800556a       0x14 ./Drivers/STM32F4xx_HAL_Driver/Src/stm32f4xx_hal_tim.o
                0x000000000800556a                HAL_TIM_IC_CaptureCallback
 .text.HAL_TIM_PWM_PulseFinishedCallback
                0x000000000800557e       0x14 ./Drivers/STM32F4xx_HAL_Driver/Src/stm32f4xx_hal_tim.o
                0x000000000800557e                HAL_TIM_PWM_PulseFinishedCallback
 .text.HAL_TIM_TriggerCallback
                0x0000000008005592       0x14 ./Drivers/STM32F4xx_HAL_Driver/Src/stm32f4xx_hal_tim.o
                0x0000000008005592                HAL_TIM_TriggerCallback
 *fill*         0x00000000080055a6        0x2 
 .text.TIM_Base_SetConfig
                0x00000000080055a8      0x140 ./Drivers/STM32F4xx_HAL_Driver/Src/stm32f4xx_hal_tim.o
                0x00000000080055a8                TIM_Base_SetConfig
 .text.TIM_OC1_SetConfig
                0x00000000080056e8       0xe0 ./Drivers/STM32F4xx_HAL_Driver/Src/stm32f4xx_hal_tim.o
 .text.TIM_OC2_SetConfig
                0x00000000080057c8       0xec ./Drivers/STM32F4xx_HAL_Driver/Src/stm32f4xx_hal_tim.o
                0x00000000080057c8                TIM_OC2_SetConfig
 .text.TIM_OC3_SetConfig
                0x00000000080058b4       0xe8 ./Drivers/STM32F4xx_HAL_Driver/Src/stm32f4xx_hal_tim.o
 .text.TIM_OC4_SetConfig
                0x000000000800599c       0xac ./Drivers/STM32F4xx_HAL_Driver/Src/stm32f4xx_hal_tim.o
 .text.TIM_TI1_ConfigInputStage
                0x0000000008005a48       0x5e ./Drivers/STM32F4xx_HAL_Driver/Src/stm32f4xx_hal_tim.o
 .text.TIM_TI2_ConfigInputStage
                0x0000000008005aa6       0x60 ./Drivers/STM32F4xx_HAL_Driver/Src/stm32f4xx_hal_tim.o
 .text.TIM_ITRx_SetConfig
                0x0000000008005b06       0x36 ./Drivers/STM32F4xx_HAL_Driver/Src/stm32f4xx_hal_tim.o
 .text.TIM_ETR_SetConfig
                0x0000000008005b3c       0x40 ./Drivers/STM32F4xx_HAL_Driver/Src/stm32f4xx_hal_tim.o
                0x0000000008005b3c                TIM_ETR_SetConfig
 .text.HAL_TIMEx_MasterConfigSynchronization
                0x0000000008005b7c       0xf8 ./Drivers/STM32F4xx_HAL_Driver/Src/stm32f4xx_hal_tim_ex.o
                0x0000000008005b7c                HAL_TIMEx_MasterConfigSynchronization
 .text.HAL_TIMEx_ConfigBreakDeadTime
                0x0000000008005c74       0xa4 ./Drivers/STM32F4xx_HAL_Driver/Src/stm32f4xx_hal_tim_ex.o
                0x0000000008005c74                HAL_TIMEx_ConfigBreakDeadTime
 .text.HAL_TIMEx_CommutCallback
                0x0000000008005d18       0x14 ./Drivers/STM32F4xx_HAL_Driver/Src/stm32f4xx_hal_tim_ex.o
                0x0000000008005d18                HAL_TIMEx_CommutCallback
 .text.HAL_TIMEx_BreakCallback
                0x0000000008005d2c       0x14 ./Drivers/STM32F4xx_HAL_Driver/Src/stm32f4xx_hal_tim_ex.o
                0x0000000008005d2c                HAL_TIMEx_BreakCallback
 .text.HAL_UART_Init
                0x0000000008005d40       0x9a ./Drivers/STM32F4xx_HAL_Driver/Src/stm32f4xx_hal_uart.o
                0x0000000008005d40                HAL_UART_Init
 *fill*         0x0000000008005dda        0x2 
 .text.UART_SetConfig
                0x0000000008005ddc      0x4e8 ./Drivers/STM32F4xx_HAL_Driver/Src/stm32f4xx_hal_uart.o
 .text.USB_CoreInit
                0x00000000080062c4       0xc2 ./Drivers/STM32F4xx_HAL_Driver/Src/stm32f4xx_ll_usb.o
                0x00000000080062c4                USB_CoreInit
 *fill*         0x0000000008006386        0x2 
 .text.USB_SetTurnaroundTime
                0x0000000008006388      0x144 ./Drivers/STM32F4xx_HAL_Driver/Src/stm32f4xx_ll_usb.o
                0x0000000008006388                USB_SetTurnaroundTime
 .text.USB_EnableGlobalInt
                0x00000000080064cc       0x22 ./Drivers/STM32F4xx_HAL_Driver/Src/stm32f4xx_ll_usb.o
                0x00000000080064cc                USB_EnableGlobalInt
 .text.USB_DisableGlobalInt
                0x00000000080064ee       0x22 ./Drivers/STM32F4xx_HAL_Driver/Src/stm32f4xx_ll_usb.o
                0x00000000080064ee                USB_DisableGlobalInt
 .text.USB_SetCurrentMode
                0x0000000008006510       0x98 ./Drivers/STM32F4xx_HAL_Driver/Src/stm32f4xx_ll_usb.o
                0x0000000008006510                USB_SetCurrentMode
 .text.USB_DevInit
                0x00000000080065a8      0x2c8 ./Drivers/STM32F4xx_HAL_Driver/Src/stm32f4xx_ll_usb.o
                0x00000000080065a8                USB_DevInit
 .text.USB_FlushTxFifo
                0x0000000008006870       0x68 ./Drivers/STM32F4xx_HAL_Driver/Src/stm32f4xx_ll_usb.o
                0x0000000008006870                USB_FlushTxFifo
 .text.USB_FlushRxFifo
                0x00000000080068d8       0x60 ./Drivers/STM32F4xx_HAL_Driver/Src/stm32f4xx_ll_usb.o
                0x00000000080068d8                USB_FlushRxFifo
 .text.USB_SetDevSpeed
                0x0000000008006938       0x32 ./Drivers/STM32F4xx_HAL_Driver/Src/stm32f4xx_ll_usb.o
                0x0000000008006938                USB_SetDevSpeed
 .text.USB_GetDevSpeed
                0x000000000800696a       0x4a ./Drivers/STM32F4xx_HAL_Driver/Src/stm32f4xx_ll_usb.o
                0x000000000800696a                USB_GetDevSpeed
 .text.USB_ActivateEndpoint
                0x00000000080069b4      0x10e ./Drivers/STM32F4xx_HAL_Driver/Src/stm32f4xx_ll_usb.o
                0x00000000080069b4                USB_ActivateEndpoint
 *fill*         0x0000000008006ac2        0x2 
 .text.USB_DeactivateEndpoint
                0x0000000008006ac4      0x1b8 ./Drivers/STM32F4xx_HAL_Driver/Src/stm32f4xx_ll_usb.o
                0x0000000008006ac4                USB_DeactivateEndpoint
 .text.USB_EPStartXfer
                0x0000000008006c7c      0x490 ./Drivers/STM32F4xx_HAL_Driver/Src/stm32f4xx_ll_usb.o
                0x0000000008006c7c                USB_EPStartXfer
 .text.USB_EP0StartXfer
                0x000000000800710c      0x2b0 ./Drivers/STM32F4xx_HAL_Driver/Src/stm32f4xx_ll_usb.o
                0x000000000800710c                USB_EP0StartXfer
 .text.USB_EPStopXfer
                0x00000000080073bc      0x154 ./Drivers/STM32F4xx_HAL_Driver/Src/stm32f4xx_ll_usb.o
                0x00000000080073bc                USB_EPStopXfer
 .text.USB_WritePacket
                0x0000000008007510       0x7c ./Drivers/STM32F4xx_HAL_Driver/Src/stm32f4xx_ll_usb.o
                0x0000000008007510                USB_WritePacket
 .text.USB_ReadPacket
                0x000000000800758c       0xb0 ./Drivers/STM32F4xx_HAL_Driver/Src/stm32f4xx_ll_usb.o
                0x000000000800758c                USB_ReadPacket
 .text.USB_EPSetStall
                0x000000000800763c       0xdc ./Drivers/STM32F4xx_HAL_Driver/Src/stm32f4xx_ll_usb.o
                0x000000000800763c                USB_EPSetStall
 .text.USB_EPClearStall
                0x0000000008007718       0xcc ./Drivers/STM32F4xx_HAL_Driver/Src/stm32f4xx_ll_usb.o
                0x0000000008007718                USB_EPClearStall
 .text.USB_SetDevAddress
                0x00000000080077e4       0x4c ./Drivers/STM32F4xx_HAL_Driver/Src/stm32f4xx_ll_usb.o
                0x00000000080077e4                USB_SetDevAddress
 .text.USB_DevConnect
                0x0000000008007830       0x42 ./Drivers/STM32F4xx_HAL_Driver/Src/stm32f4xx_ll_usb.o
                0x0000000008007830                USB_DevConnect
 .text.USB_DevDisconnect
                0x0000000008007872       0x42 ./Drivers/STM32F4xx_HAL_Driver/Src/stm32f4xx_ll_usb.o
                0x0000000008007872                USB_DevDisconnect
 .text.USB_ReadInterrupts
                0x00000000080078b4       0x26 ./Drivers/STM32F4xx_HAL_Driver/Src/stm32f4xx_ll_usb.o
                0x00000000080078b4                USB_ReadInterrupts
 .text.USB_ReadDevAllOutEpInterrupt
                0x00000000080078da       0x34 ./Drivers/STM32F4xx_HAL_Driver/Src/stm32f4xx_ll_usb.o
                0x00000000080078da                USB_ReadDevAllOutEpInterrupt
 .text.USB_ReadDevAllInEpInterrupt
                0x000000000800790e       0x34 ./Drivers/STM32F4xx_HAL_Driver/Src/stm32f4xx_ll_usb.o
                0x000000000800790e                USB_ReadDevAllInEpInterrupt
 .text.USB_ReadDevOutEPInterrupt
                0x0000000008007942       0x3c ./Drivers/STM32F4xx_HAL_Driver/Src/stm32f4xx_ll_usb.o
                0x0000000008007942                USB_ReadDevOutEPInterrupt
 .text.USB_ReadDevInEPInterrupt
                0x000000000800797e       0x5c ./Drivers/STM32F4xx_HAL_Driver/Src/stm32f4xx_ll_usb.o
                0x000000000800797e                USB_ReadDevInEPInterrupt
 .text.USB_GetMode
                0x00000000080079da       0x1c ./Drivers/STM32F4xx_HAL_Driver/Src/stm32f4xx_ll_usb.o
                0x00000000080079da                USB_GetMode
 .text.USB_ActivateSetup
                0x00000000080079f6       0x46 ./Drivers/STM32F4xx_HAL_Driver/Src/stm32f4xx_ll_usb.o
                0x00000000080079f6                USB_ActivateSetup
 .text.USB_EP0_OutStart
                0x0000000008007a3c       0xbc ./Drivers/STM32F4xx_HAL_Driver/Src/stm32f4xx_ll_usb.o
                0x0000000008007a3c                USB_EP0_OutStart
 .text.USB_CoreReset
                0x0000000008007af8       0x68 ./Drivers/STM32F4xx_HAL_Driver/Src/stm32f4xx_ll_usb.o
 .text.USBD_CDC_Init
                0x0000000008007b60      0x1f0 ./Middlewares/ST/STM32_USB_Device_Library/Class/CDC/Src/usbd_cdc.o
 .text.USBD_CDC_DeInit
                0x0000000008007d50      0x104 ./Middlewares/ST/STM32_USB_Device_Library/Class/CDC/Src/usbd_cdc.o
 .text.USBD_CDC_Setup
                0x0000000008007e54      0x1b8 ./Middlewares/ST/STM32_USB_Device_Library/Class/CDC/Src/usbd_cdc.o
 .text.USBD_CDC_DataIn
                0x000000000800800c       0xfe ./Middlewares/ST/STM32_USB_Device_Library/Class/CDC/Src/usbd_cdc.o
 .text.USBD_CDC_DataOut
                0x000000000800810a       0x70 ./Middlewares/ST/STM32_USB_Device_Library/Class/CDC/Src/usbd_cdc.o
 .text.USBD_CDC_EP0_RxReady
                0x000000000800817a       0x76 ./Middlewares/ST/STM32_USB_Device_Library/Class/CDC/Src/usbd_cdc.o
 .text.USBD_CDC_GetFSCfgDesc
                0x00000000080081f0       0x70 ./Middlewares/ST/STM32_USB_Device_Library/Class/CDC/Src/usbd_cdc.o
 .text.USBD_CDC_GetHSCfgDesc
                0x0000000008008260       0x70 ./Middlewares/ST/STM32_USB_Device_Library/Class/CDC/Src/usbd_cdc.o
 .text.USBD_CDC_GetOtherSpeedCfgDesc
                0x00000000080082d0       0x70 ./Middlewares/ST/STM32_USB_Device_Library/Class/CDC/Src/usbd_cdc.o
 .text.USBD_CDC_GetDeviceQualifierDescriptor
                0x0000000008008340       0x20 ./Middlewares/ST/STM32_USB_Device_Library/Class/CDC/Src/usbd_cdc.o
                0x0000000008008340                USBD_CDC_GetDeviceQualifierDescriptor
 .text.USBD_CDC_RegisterInterface
                0x0000000008008360       0x34 ./Middlewares/ST/STM32_USB_Device_Library/Class/CDC/Src/usbd_cdc.o
                0x0000000008008360                USBD_CDC_RegisterInterface
 .text.USBD_CDC_SetTxBuffer
                0x0000000008008394       0x44 ./Middlewares/ST/STM32_USB_Device_Library/Class/CDC/Src/usbd_cdc.o
                0x0000000008008394                USBD_CDC_SetTxBuffer
 .text.USBD_CDC_SetRxBuffer
                0x00000000080083d8       0x3a ./Middlewares/ST/STM32_USB_Device_Library/Class/CDC/Src/usbd_cdc.o
                0x00000000080083d8                USBD_CDC_SetRxBuffer
 *fill*         0x0000000008008412        0x2 
 .text.USBD_CDC_ReceivePacket
                0x0000000008008414       0x6c ./Middlewares/ST/STM32_USB_Device_Library/Class/CDC/Src/usbd_cdc.o
                0x0000000008008414                USBD_CDC_ReceivePacket
 .text.USBD_Init
                0x0000000008008480       0x60 ./Middlewares/ST/STM32_USB_Device_Library/Core/Src/usbd_core.o
                0x0000000008008480                USBD_Init
 .text.USBD_RegisterClass
                0x00000000080084e0       0x6c ./Middlewares/ST/STM32_USB_Device_Library/Core/Src/usbd_core.o
                0x00000000080084e0                USBD_RegisterClass
 .text.USBD_Start
                0x000000000800854c       0x18 ./Middlewares/ST/STM32_USB_Device_Library/Core/Src/usbd_core.o
                0x000000000800854c                USBD_Start
 .text.USBD_RunTestMode
                0x0000000008008564       0x16 ./Middlewares/ST/STM32_USB_Device_Library/Core/Src/usbd_core.o
                0x0000000008008564                USBD_RunTestMode
 .text.USBD_SetClassConfig
                0x000000000800857a       0x38 ./Middlewares/ST/STM32_USB_Device_Library/Core/Src/usbd_core.o
                0x000000000800857a                USBD_SetClassConfig
 .text.USBD_ClrClassConfig
                0x00000000080085b2       0x34 ./Middlewares/ST/STM32_USB_Device_Library/Core/Src/usbd_core.o
                0x00000000080085b2                USBD_ClrClassConfig
 .text.USBD_LL_SetupStage
                0x00000000080085e6       0xaa ./Middlewares/ST/STM32_USB_Device_Library/Core/Src/usbd_core.o
                0x00000000080085e6                USBD_LL_SetupStage
 .text.USBD_LL_DataOutStage
                0x0000000008008690      0x166 ./Middlewares/ST/STM32_USB_Device_Library/Core/Src/usbd_core.o
                0x0000000008008690                USBD_LL_DataOutStage
 .text.USBD_LL_DataInStage
                0x00000000080087f6      0x164 ./Middlewares/ST/STM32_USB_Device_Library/Core/Src/usbd_core.o
                0x00000000080087f6                USBD_LL_DataInStage
 .text.USBD_LL_Reset
                0x000000000800895a       0xa4 ./Middlewares/ST/STM32_USB_Device_Library/Core/Src/usbd_core.o
                0x000000000800895a                USBD_LL_Reset
 .text.USBD_LL_SetSpeed
                0x00000000080089fe       0x20 ./Middlewares/ST/STM32_USB_Device_Library/Core/Src/usbd_core.o
                0x00000000080089fe                USBD_LL_SetSpeed
 .text.USBD_LL_Suspend
                0x0000000008008a1e       0x2c ./Middlewares/ST/STM32_USB_Device_Library/Core/Src/usbd_core.o
                0x0000000008008a1e                USBD_LL_Suspend
 .text.USBD_LL_Resume
                0x0000000008008a4a       0x30 ./Middlewares/ST/STM32_USB_Device_Library/Core/Src/usbd_core.o
                0x0000000008008a4a                USBD_LL_Resume
 .text.USBD_LL_SOF
                0x0000000008008a7a       0x40 ./Middlewares/ST/STM32_USB_Device_Library/Core/Src/usbd_core.o
                0x0000000008008a7a                USBD_LL_SOF
 .text.USBD_LL_IsoINIncomplete
                0x0000000008008aba       0x64 ./Middlewares/ST/STM32_USB_Device_Library/Core/Src/usbd_core.o
                0x0000000008008aba                USBD_LL_IsoINIncomplete
 .text.USBD_LL_IsoOUTIncomplete
                0x0000000008008b1e       0x64 ./Middlewares/ST/STM32_USB_Device_Library/Core/Src/usbd_core.o
                0x0000000008008b1e                USBD_LL_IsoOUTIncomplete
 .text.USBD_LL_DevConnected
                0x0000000008008b82       0x16 ./Middlewares/ST/STM32_USB_Device_Library/Core/Src/usbd_core.o
                0x0000000008008b82                USBD_LL_DevConnected
 .text.USBD_LL_DevDisconnected
                0x0000000008008b98       0x46 ./Middlewares/ST/STM32_USB_Device_Library/Core/Src/usbd_core.o
                0x0000000008008b98                USBD_LL_DevDisconnected
 .text.USBD_CoreFindIF
                0x0000000008008bde       0x1a ./Middlewares/ST/STM32_USB_Device_Library/Core/Src/usbd_core.o
                0x0000000008008bde                USBD_CoreFindIF
 .text.USBD_CoreFindEP
                0x0000000008008bf8       0x1a ./Middlewares/ST/STM32_USB_Device_Library/Core/Src/usbd_core.o
                0x0000000008008bf8                USBD_CoreFindEP
 .text.USBD_GetEpDesc
                0x0000000008008c12       0x74 ./Middlewares/ST/STM32_USB_Device_Library/Core/Src/usbd_core.o
                0x0000000008008c12                USBD_GetEpDesc
 .text.USBD_GetNextDesc
                0x0000000008008c86       0x3a ./Middlewares/ST/STM32_USB_Device_Library/Core/Src/usbd_core.o
                0x0000000008008c86                USBD_GetNextDesc
 .text.SWAPBYTE
                0x0000000008008cc0       0x3c ./Middlewares/ST/STM32_USB_Device_Library/Core/Src/usbd_ctlreq.o
 .text.USBD_StdDevReq
                0x0000000008008cfc       0xe4 ./Middlewares/ST/STM32_USB_Device_Library/Core/Src/usbd_ctlreq.o
                0x0000000008008cfc                USBD_StdDevReq
 .text.USBD_StdItfReq
                0x0000000008008de0       0xd8 ./Middlewares/ST/STM32_USB_Device_Library/Core/Src/usbd_ctlreq.o
                0x0000000008008de0                USBD_StdItfReq
 .text.USBD_StdEPReq
                0x0000000008008eb8      0x33a ./Middlewares/ST/STM32_USB_Device_Library/Core/Src/usbd_ctlreq.o
                0x0000000008008eb8                USBD_StdEPReq
 *fill*         0x00000000080091f2        0x2 
 .text.USBD_GetDescriptor
                0x00000000080091f4      0x2d4 ./Middlewares/ST/STM32_USB_Device_Library/Core/Src/usbd_ctlreq.o
 .text.USBD_SetAddress
                0x00000000080094c8       0x88 ./Middlewares/ST/STM32_USB_Device_Library/Core/Src/usbd_ctlreq.o
 .text.USBD_SetConfig
                0x0000000008009550      0x154 ./Middlewares/ST/STM32_USB_Device_Library/Core/Src/usbd_ctlreq.o
 .text.USBD_GetConfig
                0x00000000080096a4       0x6c ./Middlewares/ST/STM32_USB_Device_Library/Core/Src/usbd_ctlreq.o
 .text.USBD_GetStatus
                0x0000000008009710       0x68 ./Middlewares/ST/STM32_USB_Device_Library/Core/Src/usbd_ctlreq.o
 .text.USBD_SetFeature
                0x0000000008009778       0x52 ./Middlewares/ST/STM32_USB_Device_Library/Core/Src/usbd_ctlreq.o
 .text.USBD_ClrFeature
                0x00000000080097ca       0x44 ./Middlewares/ST/STM32_USB_Device_Library/Core/Src/usbd_ctlreq.o
 .text.USBD_ParseSetupRequest
                0x000000000800980e       0x74 ./Middlewares/ST/STM32_USB_Device_Library/Core/Src/usbd_ctlreq.o
                0x000000000800980e                USBD_ParseSetupRequest
 .text.USBD_CtlError
                0x0000000008009882       0x22 ./Middlewares/ST/STM32_USB_Device_Library/Core/Src/usbd_ctlreq.o
                0x0000000008009882                USBD_CtlError
 .text.USBD_GetString
                0x00000000080098a4       0x8c ./Middlewares/ST/STM32_USB_Device_Library/Core/Src/usbd_ctlreq.o
                0x00000000080098a4                USBD_GetString
 .text.USBD_GetLen
                0x0000000008009930       0x34 ./Middlewares/ST/STM32_USB_Device_Library/Core/Src/usbd_ctlreq.o
 .text.USBD_CtlSendData
                0x0000000008009964       0x36 ./Middlewares/ST/STM32_USB_Device_Library/Core/Src/usbd_ioreq.o
                0x0000000008009964                USBD_CtlSendData
 .text.USBD_CtlContinueSendData
                0x000000000800999a       0x22 ./Middlewares/ST/STM32_USB_Device_Library/Core/Src/usbd_ioreq.o
                0x000000000800999a                USBD_CtlContinueSendData
 .text.USBD_CtlPrepareRx
                0x00000000080099bc       0x3a ./Middlewares/ST/STM32_USB_Device_Library/Core/Src/usbd_ioreq.o
                0x00000000080099bc                USBD_CtlPrepareRx
 .text.USBD_CtlContinueRx
                0x00000000080099f6       0x22 ./Middlewares/ST/STM32_USB_Device_Library/Core/Src/usbd_ioreq.o
                0x00000000080099f6                USBD_CtlContinueRx
 .text.USBD_CtlSendStatus
                0x0000000008009a18       0x26 ./Middlewares/ST/STM32_USB_Device_Library/Core/Src/usbd_ioreq.o
                0x0000000008009a18                USBD_CtlSendStatus
 .text.USBD_CtlReceiveStatus
                0x0000000008009a3e       0x26 ./Middlewares/ST/STM32_USB_Device_Library/Core/Src/usbd_ioreq.o
                0x0000000008009a3e                USBD_CtlReceiveStatus
 .text.MX_USB_DEVICE_Init
                0x0000000008009a64       0x60 ./USB_DEVICE/App/usb_device.o
                0x0000000008009a64                MX_USB_DEVICE_Init
 .text.CDC_Init_FS
                0x0000000008009ac4       0x28 ./USB_DEVICE/App/usbd_cdc_if.o
 .text.CDC_DeInit_FS
                0x0000000008009aec       0x10 ./USB_DEVICE/App/usbd_cdc_if.o
 .text.CDC_Control_FS
                0x0000000008009afc       0xbc ./USB_DEVICE/App/usbd_cdc_if.o
 .text.CDC_Receive_FS
                0x0000000008009bb8       0x28 ./USB_DEVICE/App/usbd_cdc_if.o
 .text.CDC_TransmitCplt_FS
                0x0000000008009be0       0x22 ./USB_DEVICE/App/usbd_cdc_if.o
 *fill*         0x0000000008009c02        0x2 
 .text.USBD_FS_DeviceDescriptor
                0x0000000008009c04       0x24 ./USB_DEVICE/App/usbd_desc.o
                0x0000000008009c04                USBD_FS_DeviceDescriptor
 .text.USBD_FS_LangIDStrDescriptor
                0x0000000008009c28       0x24 ./USB_DEVICE/App/usbd_desc.o
                0x0000000008009c28                USBD_FS_LangIDStrDescriptor
 .text.USBD_FS_ProductStrDescriptor
                0x0000000008009c4c       0x3c ./USB_DEVICE/App/usbd_desc.o
                0x0000000008009c4c                USBD_FS_ProductStrDescriptor
 .text.USBD_FS_ManufacturerStrDescriptor
                0x0000000008009c88       0x28 ./USB_DEVICE/App/usbd_desc.o
                0x0000000008009c88                USBD_FS_ManufacturerStrDescriptor
 .text.USBD_FS_SerialStrDescriptor
                0x0000000008009cb0       0x24 ./USB_DEVICE/App/usbd_desc.o
                0x0000000008009cb0                USBD_FS_SerialStrDescriptor
 .text.USBD_FS_ConfigStrDescriptor
                0x0000000008009cd4       0x3c ./USB_DEVICE/App/usbd_desc.o
                0x0000000008009cd4                USBD_FS_ConfigStrDescriptor
 .text.USBD_FS_InterfaceStrDescriptor
                0x0000000008009d10       0x3c ./USB_DEVICE/App/usbd_desc.o
                0x0000000008009d10                USBD_FS_InterfaceStrDescriptor
 .text.Get_SerialNum
                0x0000000008009d4c       0x58 ./USB_DEVICE/App/usbd_desc.o
 .text.IntToUnicode
                0x0000000008009da4       0x7e ./USB_DEVICE/App/usbd_desc.o
 *fill*         0x0000000008009e22        0x2 
 .text.HAL_PCD_MspInit
                0x0000000008009e24       0xc4 ./USB_DEVICE/Target/usbd_conf.o
                0x0000000008009e24                HAL_PCD_MspInit
 .text.HAL_PCD_SetupStageCallback
                0x0000000008009ee8       0x24 ./USB_DEVICE/Target/usbd_conf.o
                0x0000000008009ee8                HAL_PCD_SetupStageCallback
 .text.HAL_PCD_DataOutStageCallback
                0x0000000008009f0c       0x36 ./USB_DEVICE/Target/usbd_conf.o
                0x0000000008009f0c                HAL_PCD_DataOutStageCallback
 .text.HAL_PCD_DataInStageCallback
                0x0000000008009f42       0x34 ./USB_DEVICE/Target/usbd_conf.o
                0x0000000008009f42                HAL_PCD_DataInStageCallback
 .text.HAL_PCD_SOFCallback
                0x0000000008009f76       0x1c ./USB_DEVICE/Target/usbd_conf.o
                0x0000000008009f76                HAL_PCD_SOFCallback
 .text.HAL_PCD_ResetCallback
                0x0000000008009f92       0x50 ./USB_DEVICE/Target/usbd_conf.o
                0x0000000008009f92                HAL_PCD_ResetCallback
 *fill*         0x0000000008009fe2        0x2 
 .text.HAL_PCD_SuspendCallback
                0x0000000008009fe4       0x4c ./USB_DEVICE/Target/usbd_conf.o
                0x0000000008009fe4                HAL_PCD_SuspendCallback
 .text.HAL_PCD_ResumeCallback
                0x000000000800a030       0x1c ./USB_DEVICE/Target/usbd_conf.o
                0x000000000800a030                HAL_PCD_ResumeCallback
 .text.HAL_PCD_ISOOUTIncompleteCallback
                0x000000000800a04c       0x24 ./USB_DEVICE/Target/usbd_conf.o
                0x000000000800a04c                HAL_PCD_ISOOUTIncompleteCallback
 .text.HAL_PCD_ISOINIncompleteCallback
                0x000000000800a070       0x24 ./USB_DEVICE/Target/usbd_conf.o
                0x000000000800a070                HAL_PCD_ISOINIncompleteCallback
 .text.HAL_PCD_ConnectCallback
                0x000000000800a094       0x1c ./USB_DEVICE/Target/usbd_conf.o
                0x000000000800a094                HAL_PCD_ConnectCallback
 .text.HAL_PCD_DisconnectCallback
                0x000000000800a0b0       0x1c ./USB_DEVICE/Target/usbd_conf.o
                0x000000000800a0b0                HAL_PCD_DisconnectCallback
 .text.USBD_LL_Init
                0x000000000800a0cc       0x98 ./USB_DEVICE/Target/usbd_conf.o
                0x000000000800a0cc                USBD_LL_Init
 .text.USBD_LL_Start
                0x000000000800a164       0x36 ./USB_DEVICE/Target/usbd_conf.o
                0x000000000800a164                USBD_LL_Start
 .text.USBD_LL_OpenEP
                0x000000000800a19a       0x4c ./USB_DEVICE/Target/usbd_conf.o
                0x000000000800a19a                USBD_LL_OpenEP
 .text.USBD_LL_CloseEP
                0x000000000800a1e6       0x3e ./USB_DEVICE/Target/usbd_conf.o
                0x000000000800a1e6                USBD_LL_CloseEP
 .text.USBD_LL_StallEP
                0x000000000800a224       0x3e ./USB_DEVICE/Target/usbd_conf.o
                0x000000000800a224                USBD_LL_StallEP
 .text.USBD_LL_ClearStallEP
                0x000000000800a262       0x3e ./USB_DEVICE/Target/usbd_conf.o
                0x000000000800a262                USBD_LL_ClearStallEP
 .text.USBD_LL_IsStallEP
                0x000000000800a2a0       0x58 ./USB_DEVICE/Target/usbd_conf.o
                0x000000000800a2a0                USBD_LL_IsStallEP
 .text.USBD_LL_SetUSBAddress
                0x000000000800a2f8       0x3e ./USB_DEVICE/Target/usbd_conf.o
                0x000000000800a2f8                USBD_LL_SetUSBAddress
 .text.USBD_LL_Transmit
                0x000000000800a336       0x42 ./USB_DEVICE/Target/usbd_conf.o
                0x000000000800a336                USBD_LL_Transmit
 .text.USBD_LL_PrepareReceive
                0x000000000800a378       0x42 ./USB_DEVICE/Target/usbd_conf.o
                0x000000000800a378                USBD_LL_PrepareReceive
 .text.USBD_LL_GetRxDataSize
                0x000000000800a3ba       0x26 ./USB_DEVICE/Target/usbd_conf.o
                0x000000000800a3ba                USBD_LL_GetRxDataSize
 .text.USBD_static_malloc
                0x000000000800a3e0       0x1c ./USB_DEVICE/Target/usbd_conf.o
                0x000000000800a3e0                USBD_static_malloc
 .text.USBD_static_free
                0x000000000800a3fc       0x14 ./USB_DEVICE/Target/usbd_conf.o
                0x000000000800a3fc                USBD_static_free
 .text.USBD_Get_USB_Status
                0x000000000800a410       0x58 ./USB_DEVICE/Target/usbd_conf.o
                0x000000000800a410                USBD_Get_USB_Status
 .text.__libc_init_array
                0x000000000800a468       0x48 c:/st/stm32cubeide_1.12.1/stm32cubeide/plugins/com.st.stm32cube.ide.mcu.externaltools.gnu-tools-for-stm32.10.3-2021.10.win32_1.0.200.202301161003/tools/bin/../lib/gcc/arm-none-eabi/10.3.1/../../../../arm-none-eabi/lib/thumb/v7e-m+fp/hard\libc_nano.a(lib_a-init.o)
                0x000000000800a468                __libc_init_array
 .text.memset   0x000000000800a4b0       0x10 c:/st/stm32cubeide_1.12.1/stm32cubeide/plugins/com.st.stm32cube.ide.mcu.externaltools.gnu-tools-for-stm32.10.3-2021.10.win32_1.0.200.202301161003/tools/bin/../lib/gcc/arm-none-eabi/10.3.1/../../../../arm-none-eabi/lib/thumb/v7e-m+fp/hard\libc_nano.a(lib_a-memset.o)
                0x000000000800a4b0                memset
 *(.glue_7)
 .glue_7        0x000000000800a4c0        0x0 linker stubs
 *(.glue_7t)
 .glue_7t       0x000000000800a4c0        0x0 linker stubs
 *(.eh_frame)
 .eh_frame      0x000000000800a4c0        0x0 c:/st/stm32cubeide_1.12.1/stm32cubeide/plugins/com.st.stm32cube.ide.mcu.externaltools.gnu-tools-for-stm32.10.3-2021.10.win32_1.0.200.202301161003/tools/bin/../lib/gcc/arm-none-eabi/10.3.1/thumb/v7e-m+fp/hard/crtbegin.o
 *(.init)
 .init          0x000000000800a4c0        0x4 c:/st/stm32cubeide_1.12.1/stm32cubeide/plugins/com.st.stm32cube.ide.mcu.externaltools.gnu-tools-for-stm32.10.3-2021.10.win32_1.0.200.202301161003/tools/bin/../lib/gcc/arm-none-eabi/10.3.1/thumb/v7e-m+fp/hard/crti.o
                0x000000000800a4c0                _init
 .init          0x000000000800a4c4        0x8 c:/st/stm32cubeide_1.12.1/stm32cubeide/plugins/com.st.stm32cube.ide.mcu.externaltools.gnu-tools-for-stm32.10.3-2021.10.win32_1.0.200.202301161003/tools/bin/../lib/gcc/arm-none-eabi/10.3.1/thumb/v7e-m+fp/hard/crtn.o
 *(.fini)
 .fini          0x000000000800a4cc        0x4 c:/st/stm32cubeide_1.12.1/stm32cubeide/plugins/com.st.stm32cube.ide.mcu.externaltools.gnu-tools-for-stm32.10.3-2021.10.win32_1.0.200.202301161003/tools/bin/../lib/gcc/arm-none-eabi/10.3.1/thumb/v7e-m+fp/hard/crti.o
                0x000000000800a4cc                _fini
 .fini          0x000000000800a4d0        0x8 c:/st/stm32cubeide_1.12.1/stm32cubeide/plugins/com.st.stm32cube.ide.mcu.externaltools.gnu-tools-for-stm32.10.3-2021.10.win32_1.0.200.202301161003/tools/bin/../lib/gcc/arm-none-eabi/10.3.1/thumb/v7e-m+fp/hard/crtn.o
                0x000000000800a4d8                . = ALIGN (0x4)
                0x000000000800a4d8                _etext = .

.vfp11_veneer   0x000000000800a4d8        0x0
 .vfp11_veneer  0x000000000800a4d8        0x0 linker stubs

.v4_bx          0x000000000800a4d8        0x0
 .v4_bx         0x000000000800a4d8        0x0 linker stubs

.iplt           0x000000000800a4d8        0x0
 .iplt          0x000000000800a4d8        0x0 c:/st/stm32cubeide_1.12.1/stm32cubeide/plugins/com.st.stm32cube.ide.mcu.externaltools.gnu-tools-for-stm32.10.3-2021.10.win32_1.0.200.202301161003/tools/bin/../lib/gcc/arm-none-eabi/10.3.1/thumb/v7e-m+fp/hard/crtbegin.o

.rodata         0x000000000800a4d8       0x68
                0x000000000800a4d8                . = ALIGN (0x4)
 *(.rodata)
 .rodata        0x000000000800a4d8       0x4e ./USB_DEVICE/App/usbd_desc.o
 *(.rodata*)
 *fill*         0x000000000800a526        0x2 
 .rodata.AHBPrescTable
                0x000000000800a528       0x10 ./Core/Src/system_stm32f4xx.o
                0x000000000800a528                AHBPrescTable
 .rodata.APBPrescTable
                0x000000000800a538        0x8 ./Core/Src/system_stm32f4xx.o
                0x000000000800a538                APBPrescTable
                0x000000000800a540                . = ALIGN (0x4)

.ARM.extab      0x000000000800a540        0x0
                0x000000000800a540                . = ALIGN (0x4)
 *(.ARM.extab* .gnu.linkonce.armextab.*)
                0x000000000800a540                . = ALIGN (0x4)

.ARM            0x000000000800a540        0x8
                0x000000000800a540                . = ALIGN (0x4)
                0x000000000800a540                __exidx_start = .
 *(.ARM.exidx*)
 .ARM.exidx     0x000000000800a540        0x8 c:/st/stm32cubeide_1.12.1/stm32cubeide/plugins/com.st.stm32cube.ide.mcu.externaltools.gnu-tools-for-stm32.10.3-2021.10.win32_1.0.200.202301161003/tools/bin/../lib/gcc/arm-none-eabi/10.3.1/thumb/v7e-m+fp/hard\libgcc.a(_udivmoddi4.o)
                0x000000000800a548                __exidx_end = .
                0x000000000800a548                . = ALIGN (0x4)

.rel.dyn        0x000000000800a548        0x0
 .rel.iplt      0x000000000800a548        0x0 c:/st/stm32cubeide_1.12.1/stm32cubeide/plugins/com.st.stm32cube.ide.mcu.externaltools.gnu-tools-for-stm32.10.3-2021.10.win32_1.0.200.202301161003/tools/bin/../lib/gcc/arm-none-eabi/10.3.1/thumb/v7e-m+fp/hard/crtbegin.o

.preinit_array  0x000000000800a548        0x0
                0x000000000800a548                . = ALIGN (0x4)
                0x000000000800a548                PROVIDE (__preinit_array_start = .)
 *(.preinit_array*)
                0x000000000800a548                PROVIDE (__preinit_array_end = .)
                0x000000000800a548                . = ALIGN (0x4)

.init_array     0x000000000800a548        0x4
                0x000000000800a548                . = ALIGN (0x4)
                0x000000000800a548                PROVIDE (__init_array_start = .)
 *(SORT_BY_NAME(.init_array.*))
 *(.init_array*)
 .init_array    0x000000000800a548        0x4 c:/st/stm32cubeide_1.12.1/stm32cubeide/plugins/com.st.stm32cube.ide.mcu.externaltools.gnu-tools-for-stm32.10.3-2021.10.win32_1.0.200.202301161003/tools/bin/../lib/gcc/arm-none-eabi/10.3.1/thumb/v7e-m+fp/hard/crtbegin.o
                0x000000000800a54c                PROVIDE (__init_array_end = .)
                0x000000000800a54c                . = ALIGN (0x4)

.fini_array     0x000000000800a54c        0x4
                0x000000000800a54c                . = ALIGN (0x4)
                [!provide]                        PROVIDE (__fini_array_start = .)
 *(SORT_BY_NAME(.fini_array.*))
 *(.fini_array*)
 .fini_array    0x000000000800a54c        0x4 c:/st/stm32cubeide_1.12.1/stm32cubeide/plugins/com.st.stm32cube.ide.mcu.externaltools.gnu-tools-for-stm32.10.3-2021.10.win32_1.0.200.202301161003/tools/bin/../lib/gcc/arm-none-eabi/10.3.1/thumb/v7e-m+fp/hard/crtbegin.o
                [!provide]                        PROVIDE (__fini_array_end = .)
                0x000000000800a550                . = ALIGN (0x4)
                0x000000000800a550                _sidata = LOADADDR (.data)

.data           0x0000000020000000       0xfc load address 0x000000000800a550
                0x0000000020000000                . = ALIGN (0x4)
                0x0000000020000000                _sdata = .
 *(.data)
 *(.data*)
 .data.SystemCoreClock
                0x0000000020000000        0x4 ./Core/Src/system_stm32f4xx.o
                0x0000000020000000                SystemCoreClock
 .data.uwTickPrio
                0x0000000020000004        0x4 ./Drivers/STM32F4xx_HAL_Driver/Src/stm32f4xx_hal.o
                0x0000000020000004                uwTickPrio
 .data.uwTickFreq
                0x0000000020000008        0x1 ./Drivers/STM32F4xx_HAL_Driver/Src/stm32f4xx_hal.o
                0x0000000020000008                uwTickFreq
 *fill*         0x0000000020000009        0x3 
 .data.USBD_CDC_DeviceQualifierDesc
                0x000000002000000c        0xa ./Middlewares/ST/STM32_USB_Device_Library/Class/CDC/Src/usbd_cdc.o
 *fill*         0x0000000020000016        0x2 
 .data.USBD_CDC
                0x0000000020000018       0x38 ./Middlewares/ST/STM32_USB_Device_Library/Class/CDC/Src/usbd_cdc.o
                0x0000000020000018                USBD_CDC
 .data.USBD_CDC_CfgDesc
                0x0000000020000050       0x43 ./Middlewares/ST/STM32_USB_Device_Library/Class/CDC/Src/usbd_cdc.o
 .data.CDCInEpAdd
                0x0000000020000093        0x1 ./Middlewares/ST/STM32_USB_Device_Library/Class/CDC/Src/usbd_cdc.o
 .data.CDCOutEpAdd
                0x0000000020000094        0x1 ./Middlewares/ST/STM32_USB_Device_Library/Class/CDC/Src/usbd_cdc.o
 .data.CDCCmdEpAdd
                0x0000000020000095        0x1 ./Middlewares/ST/STM32_USB_Device_Library/Class/CDC/Src/usbd_cdc.o
 *fill*         0x0000000020000096        0x2 
 .data.USBD_Interface_fops_FS
                0x0000000020000098       0x14 ./USB_DEVICE/App/usbd_cdc_if.o
                0x0000000020000098                USBD_Interface_fops_FS
 .data.FS_Desc  0x00000000200000ac       0x1c ./USB_DEVICE/App/usbd_desc.o
                0x00000000200000ac                FS_Desc
 .data.USBD_FS_DeviceDesc
                0x00000000200000c8       0x12 ./USB_DEVICE/App/usbd_desc.o
                0x00000000200000c8                USBD_FS_DeviceDesc
 *fill*         0x00000000200000da        0x2 
 .data.USBD_LangIDDesc
                0x00000000200000dc        0x4 ./USB_DEVICE/App/usbd_desc.o
                0x00000000200000dc                USBD_LangIDDesc
 .data.USBD_StringSerial
                0x00000000200000e0       0x1a ./USB_DEVICE/App/usbd_desc.o
                0x00000000200000e0                USBD_StringSerial
 *(.RamFunc)
 *(.RamFunc*)
                0x00000000200000fc                . = ALIGN (0x4)
 *fill*         0x00000000200000fa        0x2 
                0x00000000200000fc                _edata = .
                0x000000000800a64c                _siccmram = LOADADDR (.ccmram)

.igot.plt       0x00000000200000fc        0x0 load address 0x000000000800a64c
 .igot.plt      0x00000000200000fc        0x0 c:/st/stm32cubeide_1.12.1/stm32cubeide/plugins/com.st.stm32cube.ide.mcu.externaltools.gnu-tools-for-stm32.10.3-2021.10.win32_1.0.200.202301161003/tools/bin/../lib/gcc/arm-none-eabi/10.3.1/thumb/v7e-m+fp/hard/crtbegin.o

.ccmram         0x0000000010000000        0x0 load address 0x000000000800a64c
                0x0000000010000000                . = ALIGN (0x4)
                0x0000000010000000                _sccmram = .
 *(.ccmram)
 *(.ccmram*)
                0x0000000010000000                . = ALIGN (0x4)
                0x0000000010000000                _eccmram = .
                0x0000000010000000                . = ALIGN (0x4)

.bss            0x00000000200000fc     0x215c
                0x00000000200000fc                _sbss = .
                0x00000000200000fc                __bss_start__ = _sbss
 *(.bss)
 .bss           0x00000000200000fc       0x1c c:/st/stm32cubeide_1.12.1/stm32cubeide/plugins/com.st.stm32cube.ide.mcu.externaltools.gnu-tools-for-stm32.10.3-2021.10.win32_1.0.200.202301161003/tools/bin/../lib/gcc/arm-none-eabi/10.3.1/thumb/v7e-m+fp/hard/crtbegin.o
 *(.bss*)
 .bss.hadc1     0x0000000020000118       0x48 ./Core/Src/main.o
                0x0000000020000118                hadc1
 .bss.hadc2     0x0000000020000160       0x48 ./Core/Src/main.o
                0x0000000020000160                hadc2
 .bss.hadc3     0x00000000200001a8       0x48 ./Core/Src/main.o
                0x00000000200001a8                hadc3
 .bss.hi2c1     0x00000000200001f0       0x54 ./Core/Src/main.o
                0x00000000200001f0                hi2c1
 .bss.hi2c3     0x0000000020000244       0x54 ./Core/Src/main.o
                0x0000000020000244                hi2c3
 .bss.hspi3     0x0000000020000298       0x58 ./Core/Src/main.o
                0x0000000020000298                hspi3
 .bss.htim1     0x00000000200002f0       0x48 ./Core/Src/main.o
                0x00000000200002f0                htim1
 .bss.htim2     0x0000000020000338       0x48 ./Core/Src/main.o
                0x0000000020000338                htim2
 .bss.htim3     0x0000000020000380       0x48 ./Core/Src/main.o
                0x0000000020000380                htim3
 .bss.htim4     0x00000000200003c8       0x48 ./Core/Src/main.o
                0x00000000200003c8                htim4
 .bss.htim5     0x0000000020000410       0x48 ./Core/Src/main.o
                0x0000000020000410                htim5
 .bss.htim7     0x0000000020000458       0x48 ./Core/Src/main.o
                0x0000000020000458                htim7
 .bss.htim9     0x00000000200004a0       0x48 ./Core/Src/main.o
                0x00000000200004a0                htim9
 .bss.htim10    0x00000000200004e8       0x48 ./Core/Src/main.o
                0x00000000200004e8                htim10
 .bss.htim11    0x0000000020000530       0x48 ./Core/Src/main.o
                0x0000000020000530                htim11
 .bss.htim12    0x0000000020000578       0x48 ./Core/Src/main.o
                0x0000000020000578                htim12
 .bss.huart2    0x00000000200005c0       0x44 ./Core/Src/main.o
                0x00000000200005c0                huart2
 .bss.huart6    0x0000000020000604       0x44 ./Core/Src/main.o
                0x0000000020000604                huart6
 .bss.uwTick    0x0000000020000648        0x4 ./Drivers/STM32F4xx_HAL_Driver/Src/stm32f4xx_hal.o
                0x0000000020000648                uwTick
 .bss.cfgidx.0  0x000000002000064c        0x1 ./Middlewares/ST/STM32_USB_Device_Library/Core/Src/usbd_ctlreq.o
 *fill*         0x000000002000064d        0x3 
 .bss.hUsbDeviceFS
                0x0000000020000650      0x2dc ./USB_DEVICE/App/usb_device.o
                0x0000000020000650                hUsbDeviceFS
 .bss.UserRxBufferFS
                0x000000002000092c      0x800 ./USB_DEVICE/App/usbd_cdc_if.o
                0x000000002000092c                UserRxBufferFS
 .bss.UserTxBufferFS
                0x000000002000112c      0x800 ./USB_DEVICE/App/usbd_cdc_if.o
                0x000000002000112c                UserTxBufferFS
 .bss.USBD_StrDesc
                0x000000002000192c      0x200 ./USB_DEVICE/App/usbd_desc.o
                0x000000002000192c                USBD_StrDesc
 .bss.hpcd_USB_OTG_FS
                0x0000000020001b2c      0x50c ./USB_DEVICE/Target/usbd_conf.o
                0x0000000020001b2c                hpcd_USB_OTG_FS
 .bss.mem.0     0x0000000020002038      0x220 ./USB_DEVICE/Target/usbd_conf.o
 *(COMMON)
                0x0000000020002258                . = ALIGN (0x4)
                0x0000000020002258                _ebss = .
                0x0000000020002258                __bss_end__ = _ebss

._user_heap_stack
                0x0000000020002258      0x600
                0x0000000020002258                . = ALIGN (0x8)
                [!provide]                        PROVIDE (end = .)
                0x0000000020002258                PROVIDE (_end = .)
                0x0000000020002458                . = (. + _Min_Heap_Size)
 *fill*         0x0000000020002258      0x200 
                0x0000000020002858                . = (. + _Min_Stack_Size)
 *fill*         0x0000000020002458      0x400 
                0x0000000020002858                . = ALIGN (0x8)

/DISCARD/
 libc.a(*)
 libm.a(*)
 libgcc.a(*)

.ARM.attributes
                0x0000000000000000       0x30
 *(.ARM.attributes)
 .ARM.attributes
                0x0000000000000000       0x1e c:/st/stm32cubeide_1.12.1/stm32cubeide/plugins/com.st.stm32cube.ide.mcu.externaltools.gnu-tools-for-stm32.10.3-2021.10.win32_1.0.200.202301161003/tools/bin/../lib/gcc/arm-none-eabi/10.3.1/thumb/v7e-m+fp/hard/crti.o
 .ARM.attributes
                0x000000000000001e       0x34 c:/st/stm32cubeide_1.12.1/stm32cubeide/plugins/com.st.stm32cube.ide.mcu.externaltools.gnu-tools-for-stm32.10.3-2021.10.win32_1.0.200.202301161003/tools/bin/../lib/gcc/arm-none-eabi/10.3.1/thumb/v7e-m+fp/hard/crtbegin.o
 .ARM.attributes
                0x0000000000000052       0x34 ./Application/Src/control.o
 .ARM.attributes
                0x0000000000000086       0x34 ./Core/Src/main.o
 .ARM.attributes
                0x00000000000000ba       0x34 ./Core/Src/stm32f4xx_hal_msp.o
 .ARM.attributes
                0x00000000000000ee       0x34 ./Core/Src/stm32f4xx_it.o
 .ARM.attributes
                0x0000000000000122       0x34 ./Core/Src/system_stm32f4xx.o
 .ARM.attributes
                0x0000000000000156       0x21 ./Core/Startup/startup_stm32f407vetx.o
 .ARM.attributes
                0x0000000000000177       0x34 ./Drivers/STM32F4xx_HAL_Driver/Src/stm32f4xx_hal.o
 .ARM.attributes
                0x00000000000001ab       0x34 ./Drivers/STM32F4xx_HAL_Driver/Src/stm32f4xx_hal_adc.o
 .ARM.attributes
                0x00000000000001df       0x34 ./Drivers/STM32F4xx_HAL_Driver/Src/stm32f4xx_hal_cortex.o
 .ARM.attributes
                0x0000000000000213       0x34 ./Drivers/STM32F4xx_HAL_Driver/Src/stm32f4xx_hal_gpio.o
 .ARM.attributes
                0x0000000000000247       0x34 ./Drivers/STM32F4xx_HAL_Driver/Src/stm32f4xx_hal_i2c.o
 .ARM.attributes
                0x000000000000027b       0x34 ./Drivers/STM32F4xx_HAL_Driver/Src/stm32f4xx_hal_pcd.o
 .ARM.attributes
                0x00000000000002af       0x34 ./Drivers/STM32F4xx_HAL_Driver/Src/stm32f4xx_hal_pcd_ex.o
 .ARM.attributes
                0x00000000000002e3       0x34 ./Drivers/STM32F4xx_HAL_Driver/Src/stm32f4xx_hal_rcc.o
 .ARM.attributes
                0x0000000000000317       0x34 ./Drivers/STM32F4xx_HAL_Driver/Src/stm32f4xx_hal_spi.o
 .ARM.attributes
                0x000000000000034b       0x34 ./Drivers/STM32F4xx_HAL_Driver/Src/stm32f4xx_hal_tim.o
 .ARM.attributes
                0x000000000000037f       0x34 ./Drivers/STM32F4xx_HAL_Driver/Src/stm32f4xx_hal_tim_ex.o
 .ARM.attributes
                0x00000000000003b3       0x34 ./Drivers/STM32F4xx_HAL_Driver/Src/stm32f4xx_hal_uart.o
 .ARM.attributes
                0x00000000000003e7       0x34 ./Drivers/STM32F4xx_HAL_Driver/Src/stm32f4xx_ll_usb.o
 .ARM.attributes
                0x000000000000041b       0x34 ./Middlewares/ST/STM32_USB_Device_Library/Class/CDC/Src/usbd_cdc.o
 .ARM.attributes
                0x000000000000044f       0x34 ./Middlewares/ST/STM32_USB_Device_Library/Core/Src/usbd_core.o
 .ARM.attributes
                0x0000000000000483       0x34 ./Middlewares/ST/STM32_USB_Device_Library/Core/Src/usbd_ctlreq.o
 .ARM.attributes
                0x00000000000004b7       0x34 ./Middlewares/ST/STM32_USB_Device_Library/Core/Src/usbd_ioreq.o
 .ARM.attributes
                0x00000000000004eb       0x34 ./USB_DEVICE/App/usb_device.o
 .ARM.attributes
                0x000000000000051f       0x34 ./USB_DEVICE/App/usbd_cdc_if.o
 .ARM.attributes
                0x0000000000000553       0x34 ./USB_DEVICE/App/usbd_desc.o
 .ARM.attributes
                0x0000000000000587       0x34 ./USB_DEVICE/Target/usbd_conf.o
 .ARM.attributes
                0x00000000000005bb       0x34 c:/st/stm32cubeide_1.12.1/stm32cubeide/plugins/com.st.stm32cube.ide.mcu.externaltools.gnu-tools-for-stm32.10.3-2021.10.win32_1.0.200.202301161003/tools/bin/../lib/gcc/arm-none-eabi/10.3.1/../../../../arm-none-eabi/lib/thumb/v7e-m+fp/hard\libc_nano.a(lib_a-init.o)
 .ARM.attributes
                0x00000000000005ef       0x34 c:/st/stm32cubeide_1.12.1/stm32cubeide/plugins/com.st.stm32cube.ide.mcu.externaltools.gnu-tools-for-stm32.10.3-2021.10.win32_1.0.200.202301161003/tools/bin/../lib/gcc/arm-none-eabi/10.3.1/../../../../arm-none-eabi/lib/thumb/v7e-m+fp/hard\libc_nano.a(lib_a-memset.o)
 .ARM.attributes
                0x0000000000000623       0x1e c:/st/stm32cubeide_1.12.1/stm32cubeide/plugins/com.st.stm32cube.ide.mcu.externaltools.gnu-tools-for-stm32.10.3-2021.10.win32_1.0.200.202301161003/tools/bin/../lib/gcc/arm-none-eabi/10.3.1/thumb/v7e-m+fp/hard\libgcc.a(_aeabi_uldivmod.o)
 .ARM.attributes
                0x0000000000000641       0x34 c:/st/stm32cubeide_1.12.1/stm32cubeide/plugins/com.st.stm32cube.ide.mcu.externaltools.gnu-tools-for-stm32.10.3-2021.10.win32_1.0.200.202301161003/tools/bin/../lib/gcc/arm-none-eabi/10.3.1/thumb/v7e-m+fp/hard\libgcc.a(_udivmoddi4.o)
 .ARM.attributes
                0x0000000000000675       0x1e c:/st/stm32cubeide_1.12.1/stm32cubeide/plugins/com.st.stm32cube.ide.mcu.externaltools.gnu-tools-for-stm32.10.3-2021.10.win32_1.0.200.202301161003/tools/bin/../lib/gcc/arm-none-eabi/10.3.1/thumb/v7e-m+fp/hard\libgcc.a(_dvmd_tls.o)
 .ARM.attributes
                0x0000000000000693       0x1e c:/st/stm32cubeide_1.12.1/stm32cubeide/plugins/com.st.stm32cube.ide.mcu.externaltools.gnu-tools-for-stm32.10.3-2021.10.win32_1.0.200.202301161003/tools/bin/../lib/gcc/arm-none-eabi/10.3.1/thumb/v7e-m+fp/hard/crtn.o
OUTPUT(MASCode.elf elf32-littlearm)
LOAD linker stubs
LOAD c:/st/stm32cubeide_1.12.1/stm32cubeide/plugins/com.st.stm32cube.ide.mcu.externaltools.gnu-tools-for-stm32.10.3-2021.10.win32_1.0.200.202301161003/tools/bin/../lib/gcc/arm-none-eabi/10.3.1/../../../../arm-none-eabi/lib/thumb/v7e-m+fp/hard\libc.a
LOAD c:/st/stm32cubeide_1.12.1/stm32cubeide/plugins/com.st.stm32cube.ide.mcu.externaltools.gnu-tools-for-stm32.10.3-2021.10.win32_1.0.200.202301161003/tools/bin/../lib/gcc/arm-none-eabi/10.3.1/../../../../arm-none-eabi/lib/thumb/v7e-m+fp/hard\libm.a
LOAD c:/st/stm32cubeide_1.12.1/stm32cubeide/plugins/com.st.stm32cube.ide.mcu.externaltools.gnu-tools-for-stm32.10.3-2021.10.win32_1.0.200.202301161003/tools/bin/../lib/gcc/arm-none-eabi/10.3.1/thumb/v7e-m+fp/hard\libgcc.a

.debug_info     0x0000000000000000    0x1d67e
 .debug_info    0x0000000000000000       0x4e ./Application/Src/control.o
 .debug_info    0x000000000000004e     0x2130 ./Core/Src/main.o
 .debug_info    0x000000000000217e     0x1c94 ./Core/Src/stm32f4xx_hal_msp.o
 .debug_info    0x0000000000003e12      0xc74 ./Core/Src/stm32f4xx_it.o
 .debug_info    0x0000000000004a86      0x523 ./Core/Src/system_stm32f4xx.o
 .debug_info    0x0000000000004fa9       0x22 ./Core/Startup/startup_stm32f407vetx.o
 .debug_info    0x0000000000004fcb      0x97c ./Drivers/STM32F4xx_HAL_Driver/Src/stm32f4xx_hal.o
 .debug_info    0x0000000000005947      0xd70 ./Drivers/STM32F4xx_HAL_Driver/Src/stm32f4xx_hal_adc.o
 .debug_info    0x00000000000066b7      0xe1b ./Drivers/STM32F4xx_HAL_Driver/Src/stm32f4xx_hal_cortex.o
 .debug_info    0x00000000000074d2      0x76a ./Drivers/STM32F4xx_HAL_Driver/Src/stm32f4xx_hal_gpio.o
 .debug_info    0x0000000000007c3c     0x2609 ./Drivers/STM32F4xx_HAL_Driver/Src/stm32f4xx_hal_i2c.o
 .debug_info    0x000000000000a245     0x1695 ./Drivers/STM32F4xx_HAL_Driver/Src/stm32f4xx_hal_pcd.o
 .debug_info    0x000000000000b8da      0x717 ./Drivers/STM32F4xx_HAL_Driver/Src/stm32f4xx_hal_pcd_ex.o
 .debug_info    0x000000000000bff1      0x966 ./Drivers/STM32F4xx_HAL_Driver/Src/stm32f4xx_hal_rcc.o
 .debug_info    0x000000000000c957     0x1758 ./Drivers/STM32F4xx_HAL_Driver/Src/stm32f4xx_hal_spi.o
 .debug_info    0x000000000000e0af     0x2bbe ./Drivers/STM32F4xx_HAL_Driver/Src/stm32f4xx_hal_tim.o
 .debug_info    0x0000000000010c6d     0x15e0 ./Drivers/STM32F4xx_HAL_Driver/Src/stm32f4xx_hal_tim_ex.o
 .debug_info    0x000000000001224d     0x31bc ./Drivers/STM32F4xx_HAL_Driver/Src/stm32f4xx_hal_uart.o
 .debug_info    0x0000000000015409     0x1a97 ./Drivers/STM32F4xx_HAL_Driver/Src/stm32f4xx_ll_usb.o
 .debug_info    0x0000000000016ea0     0x130c ./Middlewares/ST/STM32_USB_Device_Library/Class/CDC/Src/usbd_cdc.o
 .debug_info    0x00000000000181ac      0xee7 ./Middlewares/ST/STM32_USB_Device_Library/Core/Src/usbd_core.o
 .debug_info    0x0000000000019093      0xb7f ./Middlewares/ST/STM32_USB_Device_Library/Core/Src/usbd_ctlreq.o
 .debug_info    0x0000000000019c12      0x7da ./Middlewares/ST/STM32_USB_Device_Library/Core/Src/usbd_ioreq.o
 .debug_info    0x000000000001a3ec      0x76a ./USB_DEVICE/App/usb_device.o
 .debug_info    0x000000000001ab56      0x96f ./USB_DEVICE/App/usbd_cdc_if.o
 .debug_info    0x000000000001b4c5      0x498 ./USB_DEVICE/App/usbd_desc.o
 .debug_info    0x000000000001b95d     0x1d21 ./USB_DEVICE/Target/usbd_conf.o

.debug_abbrev   0x0000000000000000     0x39e6
 .debug_abbrev  0x0000000000000000       0x31 ./Application/Src/control.o
 .debug_abbrev  0x0000000000000031      0x2aa ./Core/Src/main.o
 .debug_abbrev  0x00000000000002db      0x20a ./Core/Src/stm32f4xx_hal_msp.o
 .debug_abbrev  0x00000000000004e5      0x204 ./Core/Src/stm32f4xx_it.o
 .debug_abbrev  0x00000000000006e9      0x116 ./Core/Src/system_stm32f4xx.o
 .debug_abbrev  0x00000000000007ff       0x12 ./Core/Startup/startup_stm32f407vetx.o
 .debug_abbrev  0x0000000000000811      0x20d ./Drivers/STM32F4xx_HAL_Driver/Src/stm32f4xx_hal.o
 .debug_abbrev  0x0000000000000a1e      0x244 ./Drivers/STM32F4xx_HAL_Driver/Src/stm32f4xx_hal_adc.o
 .debug_abbrev  0x0000000000000c62      0x316 ./Drivers/STM32F4xx_HAL_Driver/Src/stm32f4xx_hal_cortex.o
 .debug_abbrev  0x0000000000000f78      0x1c4 ./Drivers/STM32F4xx_HAL_Driver/Src/stm32f4xx_hal_gpio.o
 .debug_abbrev  0x000000000000113c      0x297 ./Drivers/STM32F4xx_HAL_Driver/Src/stm32f4xx_hal_i2c.o
 .debug_abbrev  0x00000000000013d3      0x2bb ./Drivers/STM32F4xx_HAL_Driver/Src/stm32f4xx_hal_pcd.o
 .debug_abbrev  0x000000000000168e      0x1ce ./Drivers/STM32F4xx_HAL_Driver/Src/stm32f4xx_hal_pcd_ex.o
 .debug_abbrev  0x000000000000185c      0x2aa ./Drivers/STM32F4xx_HAL_Driver/Src/stm32f4xx_hal_rcc.o
 .debug_abbrev  0x0000000000001b06      0x26e ./Drivers/STM32F4xx_HAL_Driver/Src/stm32f4xx_hal_spi.o
 .debug_abbrev  0x0000000000001d74      0x25d ./Drivers/STM32F4xx_HAL_Driver/Src/stm32f4xx_hal_tim.o
 .debug_abbrev  0x0000000000001fd1      0x265 ./Drivers/STM32F4xx_HAL_Driver/Src/stm32f4xx_hal_tim_ex.o
 .debug_abbrev  0x0000000000002236      0x2f4 ./Drivers/STM32F4xx_HAL_Driver/Src/stm32f4xx_hal_uart.o
 .debug_abbrev  0x000000000000252a      0x296 ./Drivers/STM32F4xx_HAL_Driver/Src/stm32f4xx_ll_usb.o
 .debug_abbrev  0x00000000000027c0      0x2be ./Middlewares/ST/STM32_USB_Device_Library/Class/CDC/Src/usbd_cdc.o
 .debug_abbrev  0x0000000000002a7e      0x263 ./Middlewares/ST/STM32_USB_Device_Library/Core/Src/usbd_core.o
 .debug_abbrev  0x0000000000002ce1      0x25c ./Middlewares/ST/STM32_USB_Device_Library/Core/Src/usbd_ctlreq.o
 .debug_abbrev  0x0000000000002f3d      0x18a ./Middlewares/ST/STM32_USB_Device_Library/Core/Src/usbd_ioreq.o
 .debug_abbrev  0x00000000000030c7      0x18a ./USB_DEVICE/App/usb_device.o
 .debug_abbrev  0x0000000000003251      0x290 ./USB_DEVICE/App/usbd_cdc_if.o
 .debug_abbrev  0x00000000000034e1      0x1da ./USB_DEVICE/App/usbd_desc.o
 .debug_abbrev  0x00000000000036bb      0x32b ./USB_DEVICE/Target/usbd_conf.o

.debug_aranges  0x0000000000000000     0x18f8
 .debug_aranges
                0x0000000000000000       0x28 ./Application/Src/control.o
 .debug_aranges
                0x0000000000000028       0xc8 ./Core/Src/main.o
 .debug_aranges
                0x00000000000000f0       0x78 ./Core/Src/stm32f4xx_hal_msp.o
 .debug_aranges
                0x0000000000000168       0x88 ./Core/Src/stm32f4xx_it.o
 .debug_aranges
                0x00000000000001f0       0x28 ./Core/Src/system_stm32f4xx.o
 .debug_aranges
                0x0000000000000218       0x28 ./Core/Startup/startup_stm32f407vetx.o
 .debug_aranges
                0x0000000000000240       0xf0 ./Drivers/STM32F4xx_HAL_Driver/Src/stm32f4xx_hal.o
 .debug_aranges
                0x0000000000000330       0xe8 ./Drivers/STM32F4xx_HAL_Driver/Src/stm32f4xx_hal_adc.o
 .debug_aranges
                0x0000000000000418      0x118 ./Drivers/STM32F4xx_HAL_Driver/Src/stm32f4xx_hal_cortex.o
 .debug_aranges
                0x0000000000000530       0x58 ./Drivers/STM32F4xx_HAL_Driver/Src/stm32f4xx_hal_gpio.o
 .debug_aranges
                0x0000000000000588      0x2a0 ./Drivers/STM32F4xx_HAL_Driver/Src/stm32f4xx_hal_i2c.o
 .debug_aranges
                0x0000000000000828      0x148 ./Drivers/STM32F4xx_HAL_Driver/Src/stm32f4xx_hal_pcd.o
 .debug_aranges
                0x0000000000000970       0x38 ./Drivers/STM32F4xx_HAL_Driver/Src/stm32f4xx_hal_pcd_ex.o
 .debug_aranges
                0x00000000000009a8       0x88 ./Drivers/STM32F4xx_HAL_Driver/Src/stm32f4xx_hal_rcc.o
 .debug_aranges
                0x0000000000000a30      0x1d0 ./Drivers/STM32F4xx_HAL_Driver/Src/stm32f4xx_hal_spi.o
 .debug_aranges
                0x0000000000000c00      0x3d0 ./Drivers/STM32F4xx_HAL_Driver/Src/stm32f4xx_hal_tim.o
 .debug_aranges
                0x0000000000000fd0      0x168 ./Drivers/STM32F4xx_HAL_Driver/Src/stm32f4xx_hal_tim_ex.o
 .debug_aranges
                0x0000000000001138      0x200 ./Drivers/STM32F4xx_HAL_Driver/Src/stm32f4xx_hal_uart.o
 .debug_aranges
                0x0000000000001338      0x1a0 ./Drivers/STM32F4xx_HAL_Driver/Src/stm32f4xx_ll_usb.o
 .debug_aranges
                0x00000000000014d8       0x90 ./Middlewares/ST/STM32_USB_Device_Library/Class/CDC/Src/usbd_cdc.o
 .debug_aranges
                0x0000000000001568       0xd8 ./Middlewares/ST/STM32_USB_Device_Library/Core/Src/usbd_core.o
 .debug_aranges
                0x0000000000001640       0x90 ./Middlewares/ST/STM32_USB_Device_Library/Core/Src/usbd_ctlreq.o
 .debug_aranges
                0x00000000000016d0       0x50 ./Middlewares/ST/STM32_USB_Device_Library/Core/Src/usbd_ioreq.o
 .debug_aranges
                0x0000000000001720       0x20 ./USB_DEVICE/App/usb_device.o
 .debug_aranges
                0x0000000000001740       0x48 ./USB_DEVICE/App/usbd_cdc_if.o
 .debug_aranges
                0x0000000000001788       0x60 ./USB_DEVICE/App/usbd_desc.o
 .debug_aranges
                0x00000000000017e8      0x110 ./USB_DEVICE/Target/usbd_conf.o

.debug_ranges   0x0000000000000000     0x1798
 .debug_ranges  0x0000000000000000       0x18 ./Application/Src/control.o
 .debug_ranges  0x0000000000000018       0xb8 ./Core/Src/main.o
 .debug_ranges  0x00000000000000d0       0x68 ./Core/Src/stm32f4xx_hal_msp.o
 .debug_ranges  0x0000000000000138       0x78 ./Core/Src/stm32f4xx_it.o
 .debug_ranges  0x00000000000001b0       0x18 ./Core/Src/system_stm32f4xx.o
 .debug_ranges  0x00000000000001c8       0x20 ./Core/Startup/startup_stm32f407vetx.o
 .debug_ranges  0x00000000000001e8       0xe0 ./Drivers/STM32F4xx_HAL_Driver/Src/stm32f4xx_hal.o
 .debug_ranges  0x00000000000002c8       0xd8 ./Drivers/STM32F4xx_HAL_Driver/Src/stm32f4xx_hal_adc.o
 .debug_ranges  0x00000000000003a0      0x108 ./Drivers/STM32F4xx_HAL_Driver/Src/stm32f4xx_hal_cortex.o
 .debug_ranges  0x00000000000004a8       0x48 ./Drivers/STM32F4xx_HAL_Driver/Src/stm32f4xx_hal_gpio.o
 .debug_ranges  0x00000000000004f0      0x2a8 ./Drivers/STM32F4xx_HAL_Driver/Src/stm32f4xx_hal_i2c.o
 .debug_ranges  0x0000000000000798      0x138 ./Drivers/STM32F4xx_HAL_Driver/Src/stm32f4xx_hal_pcd.o
 .debug_ranges  0x00000000000008d0       0x28 ./Drivers/STM32F4xx_HAL_Driver/Src/stm32f4xx_hal_pcd_ex.o
 .debug_ranges  0x00000000000008f8       0x78 ./Drivers/STM32F4xx_HAL_Driver/Src/stm32f4xx_hal_rcc.o
 .debug_ranges  0x0000000000000970      0x1c0 ./Drivers/STM32F4xx_HAL_Driver/Src/stm32f4xx_hal_spi.o
 .debug_ranges  0x0000000000000b30      0x3c0 ./Drivers/STM32F4xx_HAL_Driver/Src/stm32f4xx_hal_tim.o
 .debug_ranges  0x0000000000000ef0      0x158 ./Drivers/STM32F4xx_HAL_Driver/Src/stm32f4xx_hal_tim_ex.o
 .debug_ranges  0x0000000000001048      0x220 ./Drivers/STM32F4xx_HAL_Driver/Src/stm32f4xx_hal_uart.o
 .debug_ranges  0x0000000000001268      0x190 ./Drivers/STM32F4xx_HAL_Driver/Src/stm32f4xx_ll_usb.o
 .debug_ranges  0x00000000000013f8       0x80 ./Middlewares/ST/STM32_USB_Device_Library/Class/CDC/Src/usbd_cdc.o
 .debug_ranges  0x0000000000001478       0xc8 ./Middlewares/ST/STM32_USB_Device_Library/Core/Src/usbd_core.o
 .debug_ranges  0x0000000000001540       0x80 ./Middlewares/ST/STM32_USB_Device_Library/Core/Src/usbd_ctlreq.o
 .debug_ranges  0x00000000000015c0       0x40 ./Middlewares/ST/STM32_USB_Device_Library/Core/Src/usbd_ioreq.o
 .debug_ranges  0x0000000000001600       0x10 ./USB_DEVICE/App/usb_device.o
 .debug_ranges  0x0000000000001610       0x38 ./USB_DEVICE/App/usbd_cdc_if.o
 .debug_ranges  0x0000000000001648       0x50 ./USB_DEVICE/App/usbd_desc.o
 .debug_ranges  0x0000000000001698      0x100 ./USB_DEVICE/Target/usbd_conf.o

.debug_macro    0x0000000000000000    0x26aaf
 .debug_macro   0x0000000000000000       0x1b ./Application/Src/control.o
 .debug_macro   0x000000000000001b      0xa78 ./Application/Src/control.o
 .debug_macro   0x0000000000000a93      0x442 ./Core/Src/main.o
 .debug_macro   0x0000000000000ed5      0x2b3 ./Core/Src/main.o
 .debug_macro   0x0000000000001188       0x2e ./Core/Src/main.o
 .debug_macro   0x00000000000011b6       0x2f ./Core/Src/main.o
 .debug_macro   0x00000000000011e5       0x22 ./Core/Src/main.o
 .debug_macro   0x0000000000001207       0x8e ./Core/Src/main.o
 .debug_macro   0x0000000000001295       0x51 ./Core/Src/main.o
 .debug_macro   0x00000000000012e6      0x103 ./Core/Src/main.o
 .debug_macro   0x00000000000013e9       0x6a ./Core/Src/main.o
 .debug_macro   0x0000000000001453      0x1df ./Core/Src/main.o
 .debug_macro   0x0000000000001632       0x1c ./Core/Src/main.o
 .debug_macro   0x000000000000164e       0x22 ./Core/Src/main.o
 .debug_macro   0x0000000000001670       0xd9 ./Core/Src/main.o
 .debug_macro   0x0000000000001749     0x102d ./Core/Src/main.o
 .debug_macro   0x0000000000002776      0x11f ./Core/Src/main.o
 .debug_macro   0x0000000000002895    0x15e82 ./Core/Src/main.o
 .debug_macro   0x0000000000018717       0x6d ./Core/Src/main.o
 .debug_macro   0x0000000000018784     0x367e ./Core/Src/main.o
 .debug_macro   0x000000000001be02      0x174 ./Core/Src/main.o
 .debug_macro   0x000000000001bf76       0x5c ./Core/Src/main.o
 .debug_macro   0x000000000001bfd2      0x96b ./Core/Src/main.o
 .debug_macro   0x000000000001c93d      0x9fe ./Core/Src/main.o
 .debug_macro   0x000000000001d33b      0x115 ./Core/Src/main.o
 .debug_macro   0x000000000001d450      0x13e ./Core/Src/main.o
 .debug_macro   0x000000000001d58e       0xa5 ./Core/Src/main.o
 .debug_macro   0x000000000001d633      0x174 ./Core/Src/main.o
 .debug_macro   0x000000000001d7a7      0x287 ./Core/Src/main.o
 .debug_macro   0x000000000001da2e       0x5f ./Core/Src/main.o
 .debug_macro   0x000000000001da8d      0x236 ./Core/Src/main.o
 .debug_macro   0x000000000001dcc3      0xb5b ./Core/Src/main.o
 .debug_macro   0x000000000001e81e      0x38b ./Core/Src/main.o
 .debug_macro   0x000000000001eba9      0x176 ./Core/Src/main.o
 .debug_macro   0x000000000001ed1f       0xf9 ./Core/Src/main.o
 .debug_macro   0x000000000001ee18      0x12c ./Core/Src/main.o
 .debug_macro   0x000000000001ef44      0x21e ./Core/Src/main.o
 .debug_macro   0x000000000001f162       0x2e ./Core/Src/main.o
 .debug_macro   0x000000000001f190      0x1b5 ./Core/Src/main.o
 .debug_macro   0x000000000001f345       0xd6 ./Core/Src/main.o
 .debug_macro   0x000000000001f41b      0x11a ./Core/Src/main.o
 .debug_macro   0x000000000001f535       0x7e ./Core/Src/main.o
 .debug_macro   0x000000000001f5b3       0x89 ./Core/Src/main.o
 .debug_macro   0x000000000001f63c      0x225 ./Core/Src/main.o
 .debug_macro   0x000000000001f861      0x8e6 ./Core/Src/main.o
 .debug_macro   0x0000000000020147       0x47 ./Core/Src/main.o
 .debug_macro   0x000000000002018e      0x295 ./Core/Src/main.o
 .debug_macro   0x0000000000020423      0x248 ./Core/Src/main.o
 .debug_macro   0x000000000002066b       0xba ./Core/Src/main.o
 .debug_macro   0x0000000000020725      0x12d ./Core/Src/main.o
 .debug_macro   0x0000000000020852      0x3c0 ./Core/Src/main.o
 .debug_macro   0x0000000000020c12       0x52 ./Core/Src/main.o
 .debug_macro   0x0000000000020c64       0x1e ./Core/Src/main.o
 .debug_macro   0x0000000000020c82       0x3c ./Core/Src/main.o
 .debug_macro   0x0000000000020cbe       0x34 ./Core/Src/main.o
 .debug_macro   0x0000000000020cf2       0x16 ./Core/Src/main.o
 .debug_macro   0x0000000000020d08       0x35 ./Core/Src/main.o
 .debug_macro   0x0000000000020d3d      0x341 ./Core/Src/main.o
 .debug_macro   0x000000000002107e       0x10 ./Core/Src/main.o
 .debug_macro   0x000000000002108e       0x16 ./Core/Src/main.o
 .debug_macro   0x00000000000210a4       0x43 ./Core/Src/main.o
 .debug_macro   0x00000000000210e7       0x34 ./Core/Src/main.o
 .debug_macro   0x000000000002111b       0x10 ./Core/Src/main.o
 .debug_macro   0x000000000002112b       0x58 ./Core/Src/main.o
 .debug_macro   0x0000000000021183       0x71 ./Core/Src/main.o
 .debug_macro   0x00000000000211f4       0x1c ./Core/Src/main.o
 .debug_macro   0x0000000000021210      0x12a ./Core/Src/main.o
 .debug_macro   0x000000000002133a       0x10 ./Core/Src/main.o
 .debug_macro   0x000000000002134a       0x1c ./Core/Src/main.o
 .debug_macro   0x0000000000021366       0x52 ./Core/Src/main.o
 .debug_macro   0x00000000000213b8       0x22 ./Core/Src/main.o
 .debug_macro   0x00000000000213da       0x10 ./Core/Src/main.o
 .debug_macro   0x00000000000213ea       0x52 ./Core/Src/main.o