../Core/Src/main.c:134:5:main	8	static
../Core/Src/main.c:196:6:SystemClock_Config	88	static
../Core/Src/main.c:239:13:MX_ADC1_Init	24	static
../Core/Src/main.c:288:13:MX_ADC2_Init	24	static
../Core/Src/main.c:337:13:MX_ADC3_Init	24	static
../Core/Src/main.c:386:13:MX_I2C1_Init	8	static
../Core/Src/main.c:418:13:MX_I2C3_Init	8	static
../Core/Src/main.c:450:13:MX_SPI3_Init	8	static
../Core/Src/main.c:486:13:MX_TIM1_Init	96	static
../Core/Src/main.c:571:13:MX_TIM2_Init	64	static
../Core/Src/main.c:632:13:MX_TIM3_Init	64	static
../Core/Src/main.c:701:13:MX_TIM4_Init	64	static
../Core/Src/main.c:770:13:MX_TIM5_Init	32	static
../Core/Src/main.c:814:13:MX_TIM7_Init	16	static
../Core/Src/main.c:852:13:MX_TIM9_Init	56	static
../Core/Src/main.c:906:13:MX_TIM10_Init	40	static
../Core/Src/main.c:951:13:MX_TIM11_Init	40	static
../Core/Src/main.c:996:13:MX_TIM12_Init	56	static
../Core/Src/main.c:1050:13:MX_USART2_UART_Init	8	static
../Core/Src/main.c:1081:13:MX_USART6_UART_Init	8	static
../Core/Src/main.c:1112:13:MX_GPIO_Init	56	static
../Core/Src/main.c:1227:6:Error_Handler	4	static,ignoring_inline_asm
